Archive member included to satisfy reference by file (symbol)

/Users/kianmamicheafara/proj-main/lib/libarm_cortexM4lf_math.a(arm_sin_f32.o)
                              ./Src/main.o (arm_sin_f32)
/Users/kianmamicheafara/proj-main/lib/libarm_cortexM4lf_math.a(arm_common_tables.o)
                              /Users/kianmamicheafara/proj-main/lib/libarm_cortexM4lf_math.a(arm_sin_f32.o) (sinTable_f32)
/Applications/STM32CubeIDE.app/Contents/Eclipse/plugins/com.st.stm32cube.ide.mcu.externaltools.gnu-tools-for-stm32.10.3-2021.10.macos64_1.0.100.202210260954/tools/bin/../lib/gcc/arm-none-eabi/10.3.1/../../../../arm-none-eabi/lib/thumb/v7e-m+fp/hard/libc_nano.a(lib_a-errno.o)
                              ./Src/syscalls.o (__errno)
/Applications/STM32CubeIDE.app/Contents/Eclipse/plugins/com.st.stm32cube.ide.mcu.externaltools.gnu-tools-for-stm32.10.3-2021.10.macos64_1.0.100.202210260954/tools/bin/../lib/gcc/arm-none-eabi/10.3.1/../../../../arm-none-eabi/lib/thumb/v7e-m+fp/hard/libc_nano.a(lib_a-exit.o)
                              /Applications/STM32CubeIDE.app/Contents/Eclipse/plugins/com.st.stm32cube.ide.mcu.externaltools.gnu-tools-for-stm32.10.3-2021.10.macos64_1.0.100.202210260954/tools/bin/../lib/gcc/arm-none-eabi/10.3.1/../../../../arm-none-eabi/lib/thumb/v7e-m+fp/hard/crt0.o (exit)
/Applications/STM32CubeIDE.app/Contents/Eclipse/plugins/com.st.stm32cube.ide.mcu.externaltools.gnu-tools-for-stm32.10.3-2021.10.macos64_1.0.100.202210260954/tools/bin/../lib/gcc/arm-none-eabi/10.3.1/../../../../arm-none-eabi/lib/thumb/v7e-m+fp/hard/libc_nano.a(lib_a-impure.o)
                              /Applications/STM32CubeIDE.app/Contents/Eclipse/plugins/com.st.stm32cube.ide.mcu.externaltools.gnu-tools-for-stm32.10.3-2021.10.macos64_1.0.100.202210260954/tools/bin/../lib/gcc/arm-none-eabi/10.3.1/../../../../arm-none-eabi/lib/thumb/v7e-m+fp/hard/libc_nano.a(lib_a-exit.o) (_global_impure_ptr)
/Applications/STM32CubeIDE.app/Contents/Eclipse/plugins/com.st.stm32cube.ide.mcu.externaltools.gnu-tools-for-stm32.10.3-2021.10.macos64_1.0.100.202210260954/tools/bin/../lib/gcc/arm-none-eabi/10.3.1/../../../../arm-none-eabi/lib/thumb/v7e-m+fp/hard/libc_nano.a(lib_a-init.o)
                              /Applications/STM32CubeIDE.app/Contents/Eclipse/plugins/com.st.stm32cube.ide.mcu.externaltools.gnu-tools-for-stm32.10.3-2021.10.macos64_1.0.100.202210260954/tools/bin/../lib/gcc/arm-none-eabi/10.3.1/../../../../arm-none-eabi/lib/thumb/v7e-m+fp/hard/crt0.o (__libc_init_array)
/Applications/STM32CubeIDE.app/Contents/Eclipse/plugins/com.st.stm32cube.ide.mcu.externaltools.gnu-tools-for-stm32.10.3-2021.10.macos64_1.0.100.202210260954/tools/bin/../lib/gcc/arm-none-eabi/10.3.1/../../../../arm-none-eabi/lib/thumb/v7e-m+fp/hard/libc_nano.a(lib_a-memcpy-stub.o)
                              ./Middlewares/Third_Party/FreeRTOS/Source/queue.o (memcpy)
/Applications/STM32CubeIDE.app/Contents/Eclipse/plugins/com.st.stm32cube.ide.mcu.externaltools.gnu-tools-for-stm32.10.3-2021.10.macos64_1.0.100.202210260954/tools/bin/../lib/gcc/arm-none-eabi/10.3.1/../../../../arm-none-eabi/lib/thumb/v7e-m+fp/hard/libc_nano.a(lib_a-memset.o)
                              /Applications/STM32CubeIDE.app/Contents/Eclipse/plugins/com.st.stm32cube.ide.mcu.externaltools.gnu-tools-for-stm32.10.3-2021.10.macos64_1.0.100.202210260954/tools/bin/../lib/gcc/arm-none-eabi/10.3.1/../../../../arm-none-eabi/lib/thumb/v7e-m+fp/hard/crt0.o (memset)
/Applications/STM32CubeIDE.app/Contents/Eclipse/plugins/com.st.stm32cube.ide.mcu.externaltools.gnu-tools-for-stm32.10.3-2021.10.macos64_1.0.100.202210260954/tools/bin/../lib/gcc/arm-none-eabi/10.3.1/../../../../arm-none-eabi/lib/thumb/v7e-m+fp/hard/libc_nano.a(lib_a-sprintf.o)
                              ./Src/main.o (sprintf)
/Applications/STM32CubeIDE.app/Contents/Eclipse/plugins/com.st.stm32cube.ide.mcu.externaltools.gnu-tools-for-stm32.10.3-2021.10.macos64_1.0.100.202210260954/tools/bin/../lib/gcc/arm-none-eabi/10.3.1/../../../../arm-none-eabi/lib/thumb/v7e-m+fp/hard/libc_nano.a(lib_a-nano-svfprintf.o)
                              /Applications/STM32CubeIDE.app/Contents/Eclipse/plugins/com.st.stm32cube.ide.mcu.externaltools.gnu-tools-for-stm32.10.3-2021.10.macos64_1.0.100.202210260954/tools/bin/../lib/gcc/arm-none-eabi/10.3.1/../../../../arm-none-eabi/lib/thumb/v7e-m+fp/hard/libc_nano.a(lib_a-sprintf.o) (_svfprintf_r)
/Applications/STM32CubeIDE.app/Contents/Eclipse/plugins/com.st.stm32cube.ide.mcu.externaltools.gnu-tools-for-stm32.10.3-2021.10.macos64_1.0.100.202210260954/tools/bin/../lib/gcc/arm-none-eabi/10.3.1/../../../../arm-none-eabi/lib/thumb/v7e-m+fp/hard/libc_nano.a(lib_a-nano-vfprintf_i.o)
                              /Applications/STM32CubeIDE.app/Contents/Eclipse/plugins/com.st.stm32cube.ide.mcu.externaltools.gnu-tools-for-stm32.10.3-2021.10.macos64_1.0.100.202210260954/tools/bin/../lib/gcc/arm-none-eabi/10.3.1/../../../../arm-none-eabi/lib/thumb/v7e-m+fp/hard/libc_nano.a(lib_a-nano-svfprintf.o) (_printf_i)
[...]
Memory Configuration

Name             Origin             Length             Attributes
RAM              0x0000000020000000 0x00000000000a0000 xrw
RAM2             0x0000000010000000 0x0000000000010000 xrw
RAM3             0x0000000020040000 0x0000000000060000 xrw
FLASH            0x0000000008000000 0x0000000000200000 xr
*default*        0x0000000000000000 0xffffffffffffffff

Linker script and memory map

LOAD /Applications/STM32CubeIDE.app/Contents/Eclipse/plugins/com.st.stm32cube.ide.mcu.externaltools.gnu-tools-for-stm32.10.3-2021.10.macos64_1.0.100.202210260954/tools/bin/../lib/gcc/arm-none-eabi/10.3.1/thumb/v7e-m+fp/hard/crti.o
LOAD /Applications/STM32CubeIDE.app/Contents/Eclipse/plugins/com.st.stm32cube.ide.mcu.externaltools.gnu-tools-for-stm32.10.3-2021.10.macos64_1.0.100.202210260954/tools/bin/../lib/gcc/arm-none-eabi/10.3.1/thumb/v7e-m+fp/hard/crtbegin.o
LOAD /Applications/STM32CubeIDE.app/Contents/Eclipse/plugins/com.st.stm32cube.ide.mcu.externaltools.gnu-tools-for-stm32.10.3-2021.10.macos64_1.0.100.202210260954/tools/bin/../lib/gcc/arm-none-eabi/10.3.1/../../../../arm-none-eabi/lib/thumb/v7e-m+fp/hard/crt0.o
LOAD ./Drivers/Components/lsm6dsl/lsm6dsl.o
LOAD ./Drivers/STM32L4xx_HAL_Driver/Src/stm32l4xx_hal.o
LOAD ./Drivers/STM32L4xx_HAL_Driver/Src/stm32l4xx_hal_cortex.o
LOAD ./Drivers/STM32L4xx_HAL_Driver/Src/stm32l4xx_hal_dac.o
LOAD ./Drivers/STM32L4xx_HAL_Driver/Src/stm32l4xx_hal_dac_ex.o
LOAD ./Drivers/STM32L4xx_HAL_Driver/Src/stm32l4xx_hal_dma.o
LOAD ./Drivers/STM32L4xx_HAL_Driver/Src/stm32l4xx_hal_dma_ex.o
LOAD ./Drivers/STM32L4xx_HAL_Driver/Src/stm32l4xx_hal_exti.o
LOAD ./Drivers/STM32L4xx_HAL_Driver/Src/stm32l4xx_hal_flash.o
LOAD ./Drivers/STM32L4xx_HAL_Driver/Src/stm32l4xx_hal_flash_ex.o
LOAD ./Drivers/STM32L4xx_HAL_Driver/Src/stm32l4xx_hal_flash_ramfunc.o
LOAD ./Drivers/STM32L4xx_HAL_Driver/Src/stm32l4xx_hal_gpio.o
LOAD ./Drivers/STM32L4xx_HAL_Driver/Src/stm32l4xx_hal_i2c.o
LOAD ./Drivers/STM32L4xx_HAL_Driver/Src/stm32l4xx_hal_i2c_ex.o
LOAD ./Drivers/STM32L4xx_HAL_Driver/Src/stm32l4xx_hal_ospi.o
LOAD ./Drivers/STM32L4xx_HAL_Driver/Src/stm32l4xx_hal_pwr.o
LOAD ./Drivers/STM32L4xx_HAL_Driver/Src/stm32l4xx_hal_pwr_ex.o
LOAD ./Drivers/STM32L4xx_HAL_Driver/Src/stm32l4xx_hal_rcc.o
LOAD ./Drivers/STM32L4xx_HAL_Driver/Src/stm32l4xx_hal_rcc_ex.o
LOAD ./Drivers/STM32L4xx_HAL_Driver/Src/stm32l4xx_hal_tim.o
LOAD ./Drivers/STM32L4xx_HAL_Driver/Src/stm32l4xx_hal_tim_ex.o
LOAD ./Drivers/STM32L4xx_HAL_Driver/Src/stm32l4xx_hal_uart.o
LOAD ./Drivers/STM32L4xx_HAL_Driver/Src/stm32l4xx_hal_uart_ex.o
LOAD ./Middlewares/Third_Party/FreeRTOS/Source/CMSIS_RTOS/cmsis_os.o
LOAD ./Middlewares/Third_Party/FreeRTOS/Source/croutine.o
LOAD ./Middlewares/Third_Party/FreeRTOS/Source/event_groups.o
LOAD ./Middlewares/Third_Party/FreeRTOS/Source/list.o
LOAD ./Middlewares/Third_Party/FreeRTOS/Source/queue.o
LOAD ./Middlewares/Third_Party/FreeRTOS/Source/stream_buffer.o
LOAD ./Middlewares/Third_Party/FreeRTOS/Source/tasks.o
LOAD ./Middlewares/Third_Party/FreeRTOS/Source/timers.o
LOAD ./Middlewares/Third_Party/FreeRTOS/Source/portable/GCC/ARM_CM4F/port.o
LOAD ./Middlewares/Third_Party/FreeRTOS/Source/portable/MemMang/heap_4.o
LOAD ./Src/freertos.o
LOAD ./Src/main.o
LOAD ./Src/stm32l4s5i_iot01.o
LOAD ./Src/stm32l4s5i_iot01_accelero.o
LOAD ./Src/stm32l4s5i_iot01_qspi.o
LOAD ./Src/stm32l4xx_hal_msp.o
LOAD ./Src/stm32l4xx_hal_timebase_tim.o
LOAD ./Src/stm32l4xx_it.o
LOAD ./Src/syscalls.o
LOAD ./Src/sysmem.o
LOAD ./Src/system_stm32l4xx.o
LOAD ./Startup/startup_stm32l4s5vitx.o
LOAD /Users/kianmamicheafara/proj-main/lib/libarm_cortexM4lf_math.a
START GROUP
LOAD /Applications/STM32CubeIDE.app/Contents/Eclipse/plugins/com.st.stm32cube.ide.mcu.externaltools.gnu-tools-for-stm32.10.3-2021.10.macos64_1.0.100.202210260954/tools/bin/../lib/gcc/arm-none-eabi/10.3.1/../../../../arm-none-eabi/lib/thumb/v7e-m+fp/hard/libc_nano.a
LOAD /Applications/STM32CubeIDE.app/Contents/Eclipse/plugins/com.st.stm32cube.ide.mcu.externaltools.gnu-tools-for-stm32.10.3-2021.10.macos64_1.0.100.202210260954/tools/bin/../lib/gcc/arm-none-eabi/10.3.1/../../../../arm-none-eabi/lib/thumb/v7e-m+fp/hard/libm.a
END GROUP
START GROUP
LOAD /Applications/STM32CubeIDE.app/Contents/Eclipse/plugins/com.st.stm32cube.ide.mcu.externaltools.gnu-tools-for-stm32.10.3-2021.10.macos64_1.0.100.202210260954/tools/bin/../lib/gcc/arm-none-eabi/10.3.1/thumb/v7e-m+fp/hard/libgcc.a
LOAD /Applications/STM32CubeIDE.app/Contents/Eclipse/plugins/com.st.stm32cube.ide.mcu.externaltools.gnu-tools-for-stm32.10.3-2021.10.macos64_1.0.100.202210260954/tools/bin/../lib/gcc/arm-none-eabi/10.3.1/../../../../arm-none-eabi/lib/thumb/v7e-m+fp/hard/libc_nano.a
END GROUP
START GROUP
LOAD /Applications/STM32CubeIDE.app/Contents/Eclipse/plugins/com.st.stm32cube.ide.mcu.externaltools.gnu-tools-for-stm32.10.3-2021.10.macos64_1.0.100.202210260954/tools/bin/../lib/gcc/arm-none-eabi/10.3.1/thumb/v7e-m+fp/hard/libgcc.a
LOAD /Applications/STM32CubeIDE.app/Contents/Eclipse/plugins/com.st.stm32cube.ide.mcu.externaltools.gnu-tools-for-stm32.10.3-2021.10.macos64_1.0.100.202210260954/tools/bin/../lib/gcc/arm-none-eabi/10.3.1/../../../../arm-none-eabi/lib/thumb/v7e-m+fp/hard/libc_nano.a
LOAD /Applications/STM32CubeIDE.app/Contents/Eclipse/plugins/com.st.stm32cube.ide.mcu.externaltools.gnu-tools-for-stm32.10.3-2021.10.macos64_1.0.100.202210260954/tools/bin/../lib/gcc/arm-none-eabi/10.3.1/../../../../arm-none-eabi/lib/thumb/v7e-m+fp/hard/libnosys.a
END GROUP
START GROUP
LOAD /Applications/STM32CubeIDE.app/Contents/Eclipse/plugins/com.st.stm32cube.ide.mcu.externaltools.gnu-tools-for-stm32.10.3-2021.10.macos64_1.0.100.202210260954/tools/bin/../lib/gcc/arm-none-eabi/10.3.1/thumb/v7e-m+fp/hard/libgcc.a
LOAD /Applications/STM32CubeIDE.app/Contents/Eclipse/plugins/com.st.stm32cube.ide.mcu.externaltools.gnu-tools-for-stm32.10.3-2021.10.macos64_1.0.100.202210260954/tools/bin/../lib/gcc/arm-none-eabi/10.3.1/../../../../arm-none-eabi/lib/thumb/v7e-m+fp/hard/libc_nano.a
LOAD /Applications/STM32CubeIDE.app/Contents/Eclipse/plugins/com.st.stm32cube.ide.mcu.externaltools.gnu-tools-for-stm32.10.3-2021.10.macos64_1.0.100.202210260954/tools/bin/../lib/gcc/arm-none-eabi/10.3.1/../../../../arm-none-eabi/lib/thumb/v7e-m+fp/hard/libnosys.a
END GROUP
LOAD /Applications/STM32CubeIDE.app/Contents/Eclipse/plugins/com.st.stm32cube.ide.mcu.externaltools.gnu-tools-for-stm32.10.3-2021.10.macos64_1.0.100.202210260954/tools/bin/../lib/gcc/arm-none-eabi/10.3.1/thumb/v7e-m+fp/hard/crtend.o
LOAD /Applications/STM32CubeIDE.app/Contents/Eclipse/plugins/com.st.stm32cube.ide.mcu.externaltools.gnu-tools-for-stm32.10.3-2021.10.macos64_1.0.100.202210260954/tools/bin/../lib/gcc/arm-none-eabi/10.3.1/thumb/v7e-m+fp/hard/crtn.o
                0x00000000200a0000                _estack = (ORIGIN (RAM) + LENGTH (RAM))
                0x0000000000000200                _Min_Heap_Size = 0x200
                0x0000000000000400                _Min_Stack_Size = 0x400

.isr_vector     0x0000000008000000      0x1bc
                0x0000000008000000                . = ALIGN (0x4)
 *(.isr_vector)
 .isr_vector    0x0000000008000000      0x1bc ./Startup/startup_stm32l4s5vitx.o
                0x0000000008000000                g_pfnVectors
                0x00000000080001bc                . = ALIGN (0x4)

.text           0x00000000080001c0     0xab9c
                0x00000000080001c0                . = ALIGN (0x4)
 *(.text)
 .text          0x00000000080001c0       0x40 /Applications/STM32CubeIDE.app/Contents/Eclipse/plugins/com.st.stm32cube.ide.mcu.externaltools.gnu-tools-for-stm32.10.3-2021.10.macos64_1.0.100.202210260954/tools/bin/../lib/gcc/arm-none-eabi/10.3.1/thumb/v7e-m+fp/hard/crtbegin.o
 .text          0x0000000008000200       0xa0 /Applications/STM32CubeIDE.app/Contents/Eclipse/plugins/com.st.stm32cube.ide.mcu.externaltools.gnu-tools-for-stm32.10.3-2021.10.macos64_1.0.100.202210260954/tools/bin/../lib/gcc/arm-none-eabi/10.3.1/../../../../arm-none-eabi/lib/thumb/v7e-m+fp/hard/libc_nano.a(lib_a-memchr.o)
                0x0000000008000200                memchr
 .text          0x00000000080002a0      0x378 /Applications/STM32CubeIDE.app/Contents/Eclipse/plugins/com.st.stm32cube.ide.mcu.externaltools.gnu-tools-for-stm32.10.3-2021.10.macos64_1.0.100.202210260954/tools/bin/../lib/gcc/arm-none-eabi/10.3.1/thumb/v7e-m+fp/hard/libgcc.a(_arm_addsubdf3.o)
                0x00000000080002a0                __aeabi_drsub
                0x00000000080002a8                __subdf3
                0x00000000080002a8                __aeabi_dsub
                0x00000000080002ac                __aeabi_dadd
                0x00000000080002ac                __adddf3
                0x0000000008000524                __aeabi_ui2d
                0x0000000008000524                __floatunsidf
                0x0000000008000544                __floatsidf
                0x0000000008000544                __aeabi_i2d
                0x0000000008000568                __extendsfdf2
                0x0000000008000568                __aeabi_f2d
                0x00000000080005ac                __aeabi_ul2d
                0x00000000080005ac                __floatundidf
                0x00000000080005bc                __aeabi_l2d
                0x00000000080005bc                __floatdidf
 .text          0x0000000008000618      0x424 /Applications/STM32CubeIDE.app/Contents/Eclipse/plugins/com.st.stm32cube.ide.mcu.externaltools.gnu-tools-for-stm32.10.3-2021.10.macos64_1.0.100.202210260954/tools/bin/../lib/gcc/arm-none-eabi/10.3.1/thumb/v7e-m+fp/hard/libgcc.a(_arm_muldivdf3.o)
                0x0000000008000618                __aeabi_dmul
                0x0000000008000618                __muldf3
                0x000000000800086c                __aeabi_ddiv
                0x000000000800086c                __divdf3
 .text          0x0000000008000a3c       0xa0 /Applications/STM32CubeIDE.app/Contents/Eclipse/plugins/com.st.stm32cube.ide.mcu.externaltools.gnu-tools-for-stm32.10.3-2021.10.macos64_1.0.100.202210260954/tools/bin/../lib/gcc/arm-none-eabi/10.3.1/thumb/v7e-m+fp/hard/libgcc.a(_arm_truncdfsf2.o)
                0x0000000008000a3c                __aeabi_d2f
                0x0000000008000a3c                __truncdfsf2
 .text          0x0000000008000adc       0x30 /Applications/STM32CubeIDE.app/Contents/Eclipse/plugins/com.st.stm32cube.ide.mcu.externaltools.gnu-tools-for-stm32.10.3-2021.10.macos64_1.0.100.202210260954/tools/bin/../lib/gcc/arm-none-eabi/10.3.1/thumb/v7e-m+fp/hard/libgcc.a(_aeabi_uldivmod.o)
                0x0000000008000adc                __aeabi_uldivmod
 .text          0x0000000008000b0c      0x2d0 /Applications/STM32CubeIDE.app/Contents/Eclipse/plugins/com.st.stm32cube.ide.mcu.externaltools.gnu-tools-for-stm32.10.3-2021.10.macos64_1.0.100.202210260954/tools/bin/../lib/gcc/arm-none-eabi/10.3.1/thumb/v7e-m+fp/hard/libgcc.a(_udivmoddi4.o)
                0x0000000008000b0c                __udivmoddi4
 .text          0x0000000008000ddc        0x4 /Applications/STM32CubeIDE.app/Contents/Eclipse/plugins/com.st.stm32cube.ide.mcu.externaltools.gnu-tools-for-stm32.10.3-2021.10.macos64_1.0.100.202210260954/tools/bin/../lib/gcc/arm-none-eabi/10.3.1/thumb/v7e-m+fp/hard/libgcc.a(_dvmd_tls.o)
                0x0000000008000ddc                __aeabi_ldiv0
                0x0000000008000ddc                __aeabi_idiv0
 *(.text*)
 .text.LSM6DSL_AccInit
                0x0000000008000de0       0x72 ./Drivers/Components/lsm6dsl/lsm6dsl.o
                0x0000000008000de0                LSM6DSL_AccInit
 .text.LSM6DSL_AccDeInit
                0x0000000008000e52       0x32 ./Drivers/Components/lsm6dsl/lsm6dsl.o
                0x0000000008000e52                LSM6DSL_AccDeInit
 .text.LSM6DSL_AccReadID
                0x0000000008000e84       0x16 ./Drivers/Components/lsm6dsl/lsm6dsl.o
                0x0000000008000e84                LSM6DSL_AccReadID
 .text.LSM6DSL_AccLowPower
                0x0000000008000e9a       0x44 ./Drivers/Components/lsm6dsl/lsm6dsl.o
                0x0000000008000e9a                LSM6DSL_AccLowPower
 *fill*         0x0000000008000ede        0x2 
 .text.LSM6DSL_AccReadXYZ
                0x0000000008000ee0      0x130 ./Drivers/Components/lsm6dsl/lsm6dsl.o
                0x0000000008000ee0                LSM6DSL_AccReadXYZ
 .text.HAL_Init
                0x0000000008001010       0x30 ./Drivers/STM32L4xx_HAL_Driver/Src/stm32l4xx_hal.o
                0x0000000008001010                HAL_Init
 .text.HAL_IncTick
                0x0000000008001040       0x28 ./Drivers/STM32L4xx_HAL_Driver/Src/stm32l4xx_hal.o
                0x0000000008001040                HAL_IncTick
 .text.HAL_GetTick
                0x0000000008001068       0x18 ./Drivers/STM32L4xx_HAL_Driver/Src/stm32l4xx_hal.o
                0x0000000008001068                HAL_GetTick
 .text.HAL_Delay
                0x0000000008001080       0x48 ./Drivers/STM32L4xx_HAL_Driver/Src/stm32l4xx_hal.o
                0x0000000008001080                HAL_Delay
 .text.__NVIC_SetPriorityGrouping
                0x00000000080010c8       0x48 ./Drivers/STM32L4xx_HAL_Driver/Src/stm32l4xx_hal_cortex.o
 .text.__NVIC_GetPriorityGrouping
                0x0000000008001110       0x1c ./Drivers/STM32L4xx_HAL_Driver/Src/stm32l4xx_hal_cortex.o
 .text.__NVIC_EnableIRQ
                0x000000000800112c       0x3c ./Drivers/STM32L4xx_HAL_Driver/Src/stm32l4xx_hal_cortex.o
 .text.__NVIC_SetPriority
                0x0000000008001168       0x54 ./Drivers/STM32L4xx_HAL_Driver/Src/stm32l4xx_hal_cortex.o
 .text.NVIC_EncodePriority
                0x00000000080011bc       0x66 ./Drivers/STM32L4xx_HAL_Driver/Src/stm32l4xx_hal_cortex.o
 .text.HAL_NVIC_SetPriorityGrouping
                0x0000000008001222       0x16 ./Drivers/STM32L4xx_HAL_Driver/Src/stm32l4xx_hal_cortex.o
                0x0000000008001222                HAL_NVIC_SetPriorityGrouping
 .text.HAL_NVIC_SetPriority
                0x0000000008001238       0x38 ./Drivers/STM32L4xx_HAL_Driver/Src/stm32l4xx_hal_cortex.o
                0x0000000008001238                HAL_NVIC_SetPriority
 .text.HAL_NVIC_EnableIRQ
                0x0000000008001270       0x1c ./Drivers/STM32L4xx_HAL_Driver/Src/stm32l4xx_hal_cortex.o
                0x0000000008001270                HAL_NVIC_EnableIRQ
 .text.HAL_DAC_Init
                0x000000000800128c       0x44 ./Drivers/STM32L4xx_HAL_Driver/Src/stm32l4xx_hal_dac.o
                0x000000000800128c                HAL_DAC_Init
 .text.HAL_DAC_Start
                0x00000000080012d0       0xa4 ./Drivers/STM32L4xx_HAL_Driver/Src/stm32l4xx_hal_dac.o
                0x00000000080012d0                HAL_DAC_Start
 .text.HAL_DAC_IRQHandler
                0x0000000008001374       0xb4 ./Drivers/STM32L4xx_HAL_Driver/Src/stm32l4xx_hal_dac.o
                0x0000000008001374                HAL_DAC_IRQHandler
 .text.HAL_DAC_SetValue
                0x0000000008001428       0x4a ./Drivers/STM32L4xx_HAL_Driver/Src/stm32l4xx_hal_dac.o
                0x0000000008001428                HAL_DAC_SetValue
 .text.HAL_DAC_DMAUnderrunCallbackCh1
                0x0000000008001472       0x14 ./Drivers/STM32L4xx_HAL_Driver/Src/stm32l4xx_hal_dac.o
                0x0000000008001472                HAL_DAC_DMAUnderrunCallbackCh1
 *fill*         0x0000000008001486        0x2 
 .text.HAL_DAC_ConfigChannel
                0x0000000008001488      0x280 ./Drivers/STM32L4xx_HAL_Driver/Src/stm32l4xx_hal_dac.o
                0x0000000008001488                HAL_DAC_ConfigChannel
 .text.HAL_DACEx_DMAUnderrunCallbackCh2
                0x0000000008001708       0x14 ./Drivers/STM32L4xx_HAL_Driver/Src/stm32l4xx_hal_dac_ex.o
                0x0000000008001708                HAL_DACEx_DMAUnderrunCallbackCh2
 .text.HAL_GPIO_Init
                0x000000000800171c      0x324 ./Drivers/STM32L4xx_HAL_Driver/Src/stm32l4xx_hal_gpio.o
                0x000000000800171c                HAL_GPIO_Init
 .text.HAL_GPIO_DeInit
                0x0000000008001a40      0x1e4 ./Drivers/STM32L4xx_HAL_Driver/Src/stm32l4xx_hal_gpio.o
                0x0000000008001a40                HAL_GPIO_DeInit
 .text.HAL_GPIO_EXTI_IRQHandler
                0x0000000008001c24       0x30 ./Drivers/STM32L4xx_HAL_Driver/Src/stm32l4xx_hal_gpio.o
                0x0000000008001c24                HAL_GPIO_EXTI_IRQHandler
 .text.HAL_I2C_Init
                0x0000000008001c54      0x11e ./Drivers/STM32L4xx_HAL_Driver/Src/stm32l4xx_hal_i2c.o
                0x0000000008001c54                HAL_I2C_Init
 .text.HAL_I2C_DeInit
                0x0000000008001d72       0x5e ./Drivers/STM32L4xx_HAL_Driver/Src/stm32l4xx_hal_i2c.o
                0x0000000008001d72                HAL_I2C_DeInit
 .text.HAL_I2C_Mem_Write
                0x0000000008001dd0      0x228 ./Drivers/STM32L4xx_HAL_Driver/Src/stm32l4xx_hal_i2c.o
                0x0000000008001dd0                HAL_I2C_Mem_Write
 .text.HAL_I2C_Mem_Read
                0x0000000008001ff8      0x234 ./Drivers/STM32L4xx_HAL_Driver/Src/stm32l4xx_hal_i2c.o
                0x0000000008001ff8                HAL_I2C_Mem_Read
 .text.I2C_RequestMemoryWrite
                0x000000000800222c       0xa8 ./Drivers/STM32L4xx_HAL_Driver/Src/stm32l4xx_hal_i2c.o
 .text.I2C_RequestMemoryRead
                0x00000000080022d4       0xa8 ./Drivers/STM32L4xx_HAL_Driver/Src/stm32l4xx_hal_i2c.o
 .text.I2C_Flush_TXDR
                0x000000000800237c       0x48 ./Drivers/STM32L4xx_HAL_Driver/Src/stm32l4xx_hal_i2c.o
 .text.I2C_WaitOnFlagUntilTimeout
                0x00000000080023c4       0x80 ./Drivers/STM32L4xx_HAL_Driver/Src/stm32l4xx_hal_i2c.o
 .text.I2C_WaitOnTXISFlagUntilTimeout
                0x0000000008002444       0x80 ./Drivers/STM32L4xx_HAL_Driver/Src/stm32l4xx_hal_i2c.o
 .text.I2C_WaitOnSTOPFlagUntilTimeout
                0x00000000080024c4       0x78 ./Drivers/STM32L4xx_HAL_Driver/Src/stm32l4xx_hal_i2c.o
 .text.I2C_IsErrorOccurred
                0x000000000800253c      0x1d8 ./Drivers/STM32L4xx_HAL_Driver/Src/stm32l4xx_hal_i2c.o
 .text.I2C_TransferConfig
                0x0000000008002714       0x64 ./Drivers/STM32L4xx_HAL_Driver/Src/stm32l4xx_hal_i2c.o
 .text.HAL_I2CEx_ConfigAnalogFilter
                0x0000000008002778       0x96 ./Drivers/STM32L4xx_HAL_Driver/Src/stm32l4xx_hal_i2c_ex.o
                0x0000000008002778                HAL_I2CEx_ConfigAnalogFilter
 .text.HAL_I2CEx_ConfigDigitalFilter
                0x000000000800280e       0x98 ./Drivers/STM32L4xx_HAL_Driver/Src/stm32l4xx_hal_i2c_ex.o
                0x000000000800280e                HAL_I2CEx_ConfigDigitalFilter
 *fill*         0x00000000080028a6        0x2 
 .text.HAL_OSPI_Init
                0x00000000080028a8      0x154 ./Drivers/STM32L4xx_HAL_Driver/Src/stm32l4xx_hal_ospi.o
                0x00000000080028a8                HAL_OSPI_Init
 .text.HAL_OSPI_DeInit
                0x00000000080029fc       0x4e ./Drivers/STM32L4xx_HAL_Driver/Src/stm32l4xx_hal_ospi.o
                0x00000000080029fc                HAL_OSPI_DeInit
 .text.HAL_OSPI_Command
                0x0000000008002a4a      0x102 ./Drivers/STM32L4xx_HAL_Driver/Src/stm32l4xx_hal_ospi.o
                0x0000000008002a4a                HAL_OSPI_Command
 .text.HAL_OSPI_Transmit
                0x0000000008002b4c       0xe6 ./Drivers/STM32L4xx_HAL_Driver/Src/stm32l4xx_hal_ospi.o
                0x0000000008002b4c                HAL_OSPI_Transmit
 .text.HAL_OSPI_Receive
                0x0000000008002c32      0x146 ./Drivers/STM32L4xx_HAL_Driver/Src/stm32l4xx_hal_ospi.o
                0x0000000008002c32                HAL_OSPI_Receive
 .text.HAL_OSPI_AutoPolling
                0x0000000008002d78      0x10e ./Drivers/STM32L4xx_HAL_Driver/Src/stm32l4xx_hal_ospi.o
                0x0000000008002d78                HAL_OSPI_AutoPolling
 .text.HAL_OSPI_SetTimeout
                0x0000000008002e86       0x1e ./Drivers/STM32L4xx_HAL_Driver/Src/stm32l4xx_hal_ospi.o
                0x0000000008002e86                HAL_OSPI_SetTimeout
 .text.OSPI_WaitFlagStateUntilTimeout
                0x0000000008002ea4       0x6e ./Drivers/STM32L4xx_HAL_Driver/Src/stm32l4xx_hal_ospi.o
 *fill*         0x0000000008002f12        0x2 
 .text.OSPI_ConfigCmd
                0x0000000008002f14      0x2c4 ./Drivers/STM32L4xx_HAL_Driver/Src/stm32l4xx_hal_ospi.o
 .text.HAL_PWREx_GetVoltageRange
                0x00000000080031d8       0x40 ./Drivers/STM32L4xx_HAL_Driver/Src/stm32l4xx_hal_pwr_ex.o
                0x00000000080031d8                HAL_PWREx_GetVoltageRange
 .text.HAL_PWREx_ControlVoltageScaling
                0x0000000008003218      0x148 ./Drivers/STM32L4xx_HAL_Driver/Src/stm32l4xx_hal_pwr_ex.o
                0x0000000008003218                HAL_PWREx_ControlVoltageScaling
 .text.HAL_RCC_OscConfig
                0x0000000008003360      0x834 ./Drivers/STM32L4xx_HAL_Driver/Src/stm32l4xx_hal_rcc.o
                0x0000000008003360                HAL_RCC_OscConfig
 .text.HAL_RCC_ClockConfig
                0x0000000008003b94      0x274 ./Drivers/STM32L4xx_HAL_Driver/Src/stm32l4xx_hal_rcc.o
                0x0000000008003b94                HAL_RCC_ClockConfig
 .text.HAL_RCC_GetSysClockFreq
                0x0000000008003e08      0x118 ./Drivers/STM32L4xx_HAL_Driver/Src/stm32l4xx_hal_rcc.o
                0x0000000008003e08                HAL_RCC_GetSysClockFreq
 .text.HAL_RCC_GetHCLKFreq
                0x0000000008003f20       0x18 ./Drivers/STM32L4xx_HAL_Driver/Src/stm32l4xx_hal_rcc.o
                0x0000000008003f20                HAL_RCC_GetHCLKFreq
 .text.HAL_RCC_GetPCLK1Freq
                0x0000000008003f38       0x2c ./Drivers/STM32L4xx_HAL_Driver/Src/stm32l4xx_hal_rcc.o
                0x0000000008003f38                HAL_RCC_GetPCLK1Freq
 .text.HAL_RCC_GetPCLK2Freq
                0x0000000008003f64       0x2c ./Drivers/STM32L4xx_HAL_Driver/Src/stm32l4xx_hal_rcc.o
                0x0000000008003f64                HAL_RCC_GetPCLK2Freq
 .text.HAL_RCC_GetClockConfig
                0x0000000008003f90       0x64 ./Drivers/STM32L4xx_HAL_Driver/Src/stm32l4xx_hal_rcc.o
                0x0000000008003f90                HAL_RCC_GetClockConfig
 .text.RCC_SetFlashLatencyFromMSIRange
                0x0000000008003ff4       0xb4 ./Drivers/STM32L4xx_HAL_Driver/Src/stm32l4xx_hal_rcc.o
 .text.RCC_GetSysClockFreqFromPLLSource
                0x00000000080040a8       0xcc ./Drivers/STM32L4xx_HAL_Driver/Src/stm32l4xx_hal_rcc.o
 .text.HAL_RCCEx_PeriphCLKConfig
                0x0000000008004174      0x660 ./Drivers/STM32L4xx_HAL_Driver/Src/stm32l4xx_hal_rcc_ex.o
                0x0000000008004174                HAL_RCCEx_PeriphCLKConfig
 .text.RCCEx_PLLSAI1_Config
                0x00000000080047d4      0x1e8 ./Drivers/STM32L4xx_HAL_Driver/Src/stm32l4xx_hal_rcc_ex.o
 .text.RCCEx_PLLSAI2_Config
                0x00000000080049bc      0x1e8 ./Drivers/STM32L4xx_HAL_Driver/Src/stm32l4xx_hal_rcc_ex.o
 .text.HAL_TIM_Base_Init
                0x0000000008004ba4       0xae ./Drivers/STM32L4xx_HAL_Driver/Src/stm32l4xx_hal_tim.o
                0x0000000008004ba4                HAL_TIM_Base_Init
 *fill*         0x0000000008004c52        0x2 
 .text.HAL_TIM_Base_Start_IT
                0x0000000008004c54       0xe0 ./Drivers/STM32L4xx_HAL_Driver/Src/stm32l4xx_hal_tim.o
                0x0000000008004c54                HAL_TIM_Base_Start_IT
 .text.HAL_TIM_IRQHandler
                0x0000000008004d34      0x23e ./Drivers/STM32L4xx_HAL_Driver/Src/stm32l4xx_hal_tim.o
                0x0000000008004d34                HAL_TIM_IRQHandler
 .text.HAL_TIM_ConfigClockSource
                0x0000000008004f72      0x192 ./Drivers/STM32L4xx_HAL_Driver/Src/stm32l4xx_hal_tim.o
                0x0000000008004f72                HAL_TIM_ConfigClockSource
 .text.HAL_TIM_OC_DelayElapsedCallback
                0x0000000008005104       0x14 ./Drivers/STM32L4xx_HAL_Driver/Src/stm32l4xx_hal_tim.o
                0x0000000008005104                HAL_TIM_OC_DelayElapsedCallback
 .text.HAL_TIM_IC_CaptureCallback
                0x0000000008005118       0x14 ./Drivers/STM32L4xx_HAL_Driver/Src/stm32l4xx_hal_tim.o
                0x0000000008005118                HAL_TIM_IC_CaptureCallback
 .text.HAL_TIM_PWM_PulseFinishedCallback
                0x000000000800512c       0x14 ./Drivers/STM32L4xx_HAL_Driver/Src/stm32l4xx_hal_tim.o
                0x000000000800512c                HAL_TIM_PWM_PulseFinishedCallback
 .text.HAL_TIM_TriggerCallback
                0x0000000008005140       0x14 ./Drivers/STM32L4xx_HAL_Driver/Src/stm32l4xx_hal_tim.o
                0x0000000008005140                HAL_TIM_TriggerCallback
 .text.TIM_Base_SetConfig
                0x0000000008005154      0x134 ./Drivers/STM32L4xx_HAL_Driver/Src/stm32l4xx_hal_tim.o
                0x0000000008005154                TIM_Base_SetConfig
 .text.TIM_TI1_ConfigInputStage
                0x0000000008005288       0x5e ./Drivers/STM32L4xx_HAL_Driver/Src/stm32l4xx_hal_tim.o
 .text.TIM_TI2_ConfigInputStage
                0x00000000080052e6       0x60 ./Drivers/STM32L4xx_HAL_Driver/Src/stm32l4xx_hal_tim.o
 .text.TIM_ITRx_SetConfig
                0x0000000008005346       0x36 ./Drivers/STM32L4xx_HAL_Driver/Src/stm32l4xx_hal_tim.o
 .text.TIM_ETR_SetConfig
                0x000000000800537c       0x40 ./Drivers/STM32L4xx_HAL_Driver/Src/stm32l4xx_hal_tim.o
                0x000000000800537c                TIM_ETR_SetConfig
 .text.HAL_TIMEx_MasterConfigSynchronization
                0x00000000080053bc      0x110 ./Drivers/STM32L4xx_HAL_Driver/Src/stm32l4xx_hal_tim_ex.o
                0x00000000080053bc                HAL_TIMEx_MasterConfigSynchronization
 .text.HAL_TIMEx_CommutCallback
                0x00000000080054cc       0x14 ./Drivers/STM32L4xx_HAL_Driver/Src/stm32l4xx_hal_tim_ex.o
                0x00000000080054cc                HAL_TIMEx_CommutCallback
 .text.HAL_TIMEx_BreakCallback
                0x00000000080054e0       0x14 ./Drivers/STM32L4xx_HAL_Driver/Src/stm32l4xx_hal_tim_ex.o
                0x00000000080054e0                HAL_TIMEx_BreakCallback
 .text.HAL_TIMEx_Break2Callback
                0x00000000080054f4       0x14 ./Drivers/STM32L4xx_HAL_Driver/Src/stm32l4xx_hal_tim_ex.o
                0x00000000080054f4                HAL_TIMEx_Break2Callback
 .text.HAL_UART_Init
                0x0000000008005508       0xa0 ./Drivers/STM32L4xx_HAL_Driver/Src/stm32l4xx_hal_uart.o
                0x0000000008005508                HAL_UART_Init
 .text.HAL_UART_Transmit
                0x00000000080055a8      0x12e ./Drivers/STM32L4xx_HAL_Driver/Src/stm32l4xx_hal_uart.o
                0x00000000080055a8                HAL_UART_Transmit
 *fill*         0x00000000080056d6        0x2 
 .text.UART_SetConfig
                0x00000000080056d8      0x5f8 ./Drivers/STM32L4xx_HAL_Driver/Src/stm32l4xx_hal_uart.o
                0x00000000080056d8                UART_SetConfig
 .text.UART_AdvFeatureConfig
                0x0000000008005cd0      0x144 ./Drivers/STM32L4xx_HAL_Driver/Src/stm32l4xx_hal_uart.o
                0x0000000008005cd0                UART_AdvFeatureConfig
 .text.UART_CheckIdleState
                0x0000000008005e14       0x96 ./Drivers/STM32L4xx_HAL_Driver/Src/stm32l4xx_hal_uart.o
                0x0000000008005e14                UART_CheckIdleState
 .text.UART_WaitOnFlagUntilTimeout
                0x0000000008005eaa      0x190 ./Drivers/STM32L4xx_HAL_Driver/Src/stm32l4xx_hal_uart.o
                0x0000000008005eaa                UART_WaitOnFlagUntilTimeout
 .text.HAL_UARTEx_DisableFifoMode
                0x000000000800603a       0x72 ./Drivers/STM32L4xx_HAL_Driver/Src/stm32l4xx_hal_uart_ex.o
                0x000000000800603a                HAL_UARTEx_DisableFifoMode
 .text.HAL_UARTEx_SetTxFifoThreshold
                0x00000000080060ac       0x7c ./Drivers/STM32L4xx_HAL_Driver/Src/stm32l4xx_hal_uart_ex.o
                0x00000000080060ac                HAL_UARTEx_SetTxFifoThreshold
 .text.HAL_UARTEx_SetRxFifoThreshold
                0x0000000008006128       0x7c ./Drivers/STM32L4xx_HAL_Driver/Src/stm32l4xx_hal_uart_ex.o
                0x0000000008006128                HAL_UARTEx_SetRxFifoThreshold
 .text.UARTEx_SetNbDataToProcess
                0x00000000080061a4       0x9c ./Drivers/STM32L4xx_HAL_Driver/Src/stm32l4xx_hal_uart_ex.o
 .text.makeFreeRtosPriority
                0x0000000008006240       0x30 ./Middlewares/Third_Party/FreeRTOS/Source/CMSIS_RTOS/cmsis_os.o
 .text.inHandlerMode
                0x0000000008006270       0x24 ./Middlewares/Third_Party/FreeRTOS/Source/CMSIS_RTOS/cmsis_os.o
 .text.osKernelStart
                0x0000000008006294        0xe ./Middlewares/Third_Party/FreeRTOS/Source/CMSIS_RTOS/cmsis_os.o
                0x0000000008006294                osKernelStart
 .text.osThreadCreate
                0x00000000080062a2       0x98 ./Middlewares/Third_Party/FreeRTOS/Source/CMSIS_RTOS/cmsis_os.o
                0x00000000080062a2                osThreadCreate
 .text.osDelay  0x000000000800633a       0x28 ./Middlewares/Third_Party/FreeRTOS/Source/CMSIS_RTOS/cmsis_os.o
                0x000000000800633a                osDelay
 .text.osSemaphoreCreate
                0x0000000008006362       0x64 ./Middlewares/Third_Party/FreeRTOS/Source/CMSIS_RTOS/cmsis_os.o
                0x0000000008006362                osSemaphoreCreate
 *fill*         0x00000000080063c6        0x2 
 .text.osSemaphoreWait
                0x00000000080063c8       0x9c ./Middlewares/Third_Party/FreeRTOS/Source/CMSIS_RTOS/cmsis_os.o
                0x00000000080063c8                osSemaphoreWait
 .text.osSemaphoreRelease
                0x0000000008006464       0x6c ./Middlewares/Third_Party/FreeRTOS/Source/CMSIS_RTOS/cmsis_os.o
                0x0000000008006464                osSemaphoreRelease
 .text.vListInitialise
                0x00000000080064d0       0x40 ./Middlewares/Third_Party/FreeRTOS/Source/list.o
                0x00000000080064d0                vListInitialise
 .text.vListInitialiseItem
                0x0000000008006510       0x1a ./Middlewares/Third_Party/FreeRTOS/Source/list.o
                0x0000000008006510                vListInitialiseItem
 .text.vListInsertEnd
                0x000000000800652a       0x48 ./Middlewares/Third_Party/FreeRTOS/Source/list.o
                0x000000000800652a                vListInsertEnd
 .text.vListInsert
                0x0000000008006572       0x72 ./Middlewares/Third_Party/FreeRTOS/Source/list.o
                0x0000000008006572                vListInsert
 .text.uxListRemove
                0x00000000080065e4       0x54 ./Middlewares/Third_Party/FreeRTOS/Source/list.o
                0x00000000080065e4                uxListRemove
 .text.xQueueGenericReset
                0x0000000008006638       0xd0 ./Middlewares/Third_Party/FreeRTOS/Source/queue.o
                0x0000000008006638                xQueueGenericReset
 .text.xQueueGenericCreateStatic
                0x0000000008006708       0xf0 ./Middlewares/Third_Party/FreeRTOS/Source/queue.o
                0x0000000008006708                xQueueGenericCreateStatic
 .text.xQueueGenericCreate
                0x00000000080067f8       0x74 ./Middlewares/Third_Party/FreeRTOS/Source/queue.o
                0x00000000080067f8                xQueueGenericCreate
 .text.prvInitialiseNewQueue
                0x000000000800686c       0x3e ./Middlewares/Third_Party/FreeRTOS/Source/queue.o
 *fill*         0x00000000080068aa        0x2 
 .text.xQueueGenericSend
                0x00000000080068ac      0x1fc ./Middlewares/Third_Party/FreeRTOS/Source/queue.o
                0x00000000080068ac                xQueueGenericSend
 .text.xQueueGiveFromISR
                0x0000000008006aa8      0x11a ./Middlewares/Third_Party/FreeRTOS/Source/queue.o
                0x0000000008006aa8                xQueueGiveFromISR
 *fill*         0x0000000008006bc2        0x2 
 .text.xQueueSemaphoreTake
                0x0000000008006bc4      0x218 ./Middlewares/Third_Party/FreeRTOS/Source/queue.o
                0x0000000008006bc4                xQueueSemaphoreTake
 .text.xQueueReceiveFromISR
                0x0000000008006ddc      0x100 ./Middlewares/Third_Party/FreeRTOS/Source/queue.o
                0x0000000008006ddc                xQueueReceiveFromISR
 .text.prvGetDisinheritPriorityAfterTimeout
                0x0000000008006edc       0x30 ./Middlewares/Third_Party/FreeRTOS/Source/queue.o
 .text.prvCopyDataToQueue
                0x0000000008006f0c       0xd4 ./Middlewares/Third_Party/FreeRTOS/Source/queue.o
 .text.prvCopyDataFromQueue
                0x0000000008006fe0       0x4c ./Middlewares/Third_Party/FreeRTOS/Source/queue.o
 .text.prvUnlockQueue
                0x000000000800702c       0xa4 ./Middlewares/Third_Party/FreeRTOS/Source/queue.o
 .text.prvIsQueueEmpty
                0x00000000080070d0       0x2c ./Middlewares/Third_Party/FreeRTOS/Source/queue.o
 .text.prvIsQueueFull
                0x00000000080070fc       0x30 ./Middlewares/Third_Party/FreeRTOS/Source/queue.o
 .text.xTaskCreateStatic
                0x000000000800712c       0xba ./Middlewares/Third_Party/FreeRTOS/Source/tasks.o
                0x000000000800712c                xTaskCreateStatic
 .text.xTaskCreate
                0x00000000080071e6       0x8a ./Middlewares/Third_Party/FreeRTOS/Source/tasks.o
                0x00000000080071e6                xTaskCreate
 .text.prvInitialiseNewTask
                0x0000000008007270      0x10e ./Middlewares/Third_Party/FreeRTOS/Source/tasks.o
 *fill*         0x000000000800737e        0x2 
 .text.prvAddNewTaskToReadyList
                0x0000000008007380       0xd4 ./Middlewares/Third_Party/FreeRTOS/Source/tasks.o
 .text.vTaskDelay
                0x0000000008007454       0x68 ./Middlewares/Third_Party/FreeRTOS/Source/tasks.o
                0x0000000008007454                vTaskDelay
 .text.vTaskStartScheduler
                0x00000000080074bc       0xc0 ./Middlewares/Third_Party/FreeRTOS/Source/tasks.o
                0x00000000080074bc                vTaskStartScheduler
 .text.vTaskSuspendAll
                0x000000000800757c       0x1c ./Middlewares/Third_Party/FreeRTOS/Source/tasks.o
                0x000000000800757c                vTaskSuspendAll
 .text.xTaskResumeAll
                0x0000000008007598      0x138 ./Middlewares/Third_Party/FreeRTOS/Source/tasks.o
                0x0000000008007598                xTaskResumeAll
 .text.xTaskIncrementTick
                0x00000000080076d0      0x170 ./Middlewares/Third_Party/FreeRTOS/Source/tasks.o
                0x00000000080076d0                xTaskIncrementTick
 .text.vTaskSwitchContext
                0x0000000008007840       0xb8 ./Middlewares/Third_Party/FreeRTOS/Source/tasks.o
                0x0000000008007840                vTaskSwitchContext
 .text.vTaskPlaceOnEventList
                0x00000000080078f8       0x48 ./Middlewares/Third_Party/FreeRTOS/Source/tasks.o
                0x00000000080078f8                vTaskPlaceOnEventList
 .text.xTaskRemoveFromEventList
                0x0000000008007940       0xc4 ./Middlewares/Third_Party/FreeRTOS/Source/tasks.o
                0x0000000008007940                xTaskRemoveFromEventList
 .text.vTaskInternalSetTimeOutState
                0x0000000008007a04       0x2c ./Middlewares/Third_Party/FreeRTOS/Source/tasks.o
                0x0000000008007a04                vTaskInternalSetTimeOutState
 .text.xTaskCheckForTimeOut
                0x0000000008007a30       0xc4 ./Middlewares/Third_Party/FreeRTOS/Source/tasks.o
                0x0000000008007a30                xTaskCheckForTimeOut
 .text.vTaskMissedYield
                0x0000000008007af4       0x18 ./Middlewares/Third_Party/FreeRTOS/Source/tasks.o
                0x0000000008007af4                vTaskMissedYield
 .text.prvIdleTask
                0x0000000008007b0c       0x30 ./Middlewares/Third_Party/FreeRTOS/Source/tasks.o
 .text.prvInitialiseTaskLists
                0x0000000008007b3c       0x80 ./Middlewares/Third_Party/FreeRTOS/Source/tasks.o
 .text.prvCheckTasksWaitingTermination
                0x0000000008007bbc       0x5c ./Middlewares/Third_Party/FreeRTOS/Source/tasks.o
 .text.prvDeleteTCB
                0x0000000008007c18       0x5e ./Middlewares/Third_Party/FreeRTOS/Source/tasks.o
 *fill*         0x0000000008007c76        0x2 
 .text.prvResetNextTaskUnblockTime
                0x0000000008007c78       0x40 ./Middlewares/Third_Party/FreeRTOS/Source/tasks.o
 .text.xTaskGetSchedulerState
                0x0000000008007cb8       0x3c ./Middlewares/Third_Party/FreeRTOS/Source/tasks.o
                0x0000000008007cb8                xTaskGetSchedulerState
 .text.xTaskPriorityInherit
                0x0000000008007cf4       0xec ./Middlewares/Third_Party/FreeRTOS/Source/tasks.o
                0x0000000008007cf4                xTaskPriorityInherit
 .text.xTaskPriorityDisinherit
                0x0000000008007de0      0x10c ./Middlewares/Third_Party/FreeRTOS/Source/tasks.o
                0x0000000008007de0                xTaskPriorityDisinherit
 .text.vTaskPriorityDisinheritAfterTimeout
                0x0000000008007eec      0x11c ./Middlewares/Third_Party/FreeRTOS/Source/tasks.o
                0x0000000008007eec                vTaskPriorityDisinheritAfterTimeout
 .text.pvTaskIncrementMutexHeldCount
                0x0000000008008008       0x28 ./Middlewares/Third_Party/FreeRTOS/Source/tasks.o
                0x0000000008008008                pvTaskIncrementMutexHeldCount
 .text.prvAddCurrentTaskToDelayedList
                0x0000000008008030       0xcc ./Middlewares/Third_Party/FreeRTOS/Source/tasks.o
 .text.pxPortInitialiseStack
                0x00000000080080fc       0x68 ./Middlewares/Third_Party/FreeRTOS/Source/portable/GCC/ARM_CM4F/port.o
                0x00000000080080fc                pxPortInitialiseStack
 .text.prvTaskExitError
                0x0000000008008164       0x58 ./Middlewares/Third_Party/FreeRTOS/Source/portable/GCC/ARM_CM4F/port.o
 *fill*         0x00000000080081bc        0x4 
 .text.SVC_Handler
                0x00000000080081c0       0x28 ./Middlewares/Third_Party/FreeRTOS/Source/portable/GCC/ARM_CM4F/port.o
                0x00000000080081c0                SVC_Handler
 .text.prvPortStartFirstTask
                0x00000000080081e8       0x28 ./Middlewares/Third_Party/FreeRTOS/Source/portable/GCC/ARM_CM4F/port.o
 .text.xPortStartScheduler
                0x0000000008008210      0x144 ./Middlewares/Third_Party/FreeRTOS/Source/portable/GCC/ARM_CM4F/port.o
                0x0000000008008210                xPortStartScheduler
 .text.vPortEnterCritical
                0x0000000008008354       0x60 ./Middlewares/Third_Party/FreeRTOS/Source/portable/GCC/ARM_CM4F/port.o
                0x0000000008008354                vPortEnterCritical
 .text.vPortExitCritical
                0x00000000080083b4       0x54 ./Middlewares/Third_Party/FreeRTOS/Source/portable/GCC/ARM_CM4F/port.o
                0x00000000080083b4                vPortExitCritical
 *fill*         0x0000000008008408        0x8 
 .text.PendSV_Handler
                0x0000000008008410       0x68 ./Middlewares/Third_Party/FreeRTOS/Source/portable/GCC/ARM_CM4F/port.o
                0x0000000008008410                PendSV_Handler
 .text.SysTick_Handler
                0x0000000008008478       0x44 ./Middlewares/Third_Party/FreeRTOS/Source/portable/GCC/ARM_CM4F/port.o
                0x0000000008008478                SysTick_Handler
 .text.vPortSetupTimerInterrupt
                0x00000000080084bc       0x48 ./Middlewares/Third_Party/FreeRTOS/Source/portable/GCC/ARM_CM4F/port.o
                0x00000000080084bc                vPortSetupTimerInterrupt
 .text.vPortEnableVFP
                0x0000000008008504       0x14 ./Middlewares/Third_Party/FreeRTOS/Source/portable/GCC/ARM_CM4F/port.o
 .text.vPortValidateInterruptPriority
                0x0000000008008518       0x80 ./Middlewares/Third_Party/FreeRTOS/Source/portable/GCC/ARM_CM4F/port.o
                0x0000000008008518                vPortValidateInterruptPriority
 .text.pvPortMalloc
                0x0000000008008598      0x198 ./Middlewares/Third_Party/FreeRTOS/Source/portable/MemMang/heap_4.o
                0x0000000008008598                pvPortMalloc
 .text.vPortFree
                0x0000000008008730       0xc4 ./Middlewares/Third_Party/FreeRTOS/Source/portable/MemMang/heap_4.o
                0x0000000008008730                vPortFree
 .text.prvHeapInit
                0x00000000080087f4       0xc4 ./Middlewares/Third_Party/FreeRTOS/Source/portable/MemMang/heap_4.o
 .text.prvInsertBlockIntoFreeList
                0x00000000080088b8       0xb4 ./Middlewares/Third_Party/FreeRTOS/Source/portable/MemMang/heap_4.o
 .text.vApplicationGetIdleTaskMemory
                0x000000000800896c       0x34 ./Src/freertos.o
                0x000000000800896c                vApplicationGetIdleTaskMemory
 .text.main     0x00000000080089a0       0xd8 ./Src/main.o
                0x00000000080089a0                main
 .text.SystemClock_Config
                0x0000000008008a78       0xa2 ./Src/main.o
                0x0000000008008a78                SystemClock_Config
 *fill*         0x0000000008008b1a        0x2 
 .text.MX_DAC1_Init
                0x0000000008008b1c       0x68 ./Src/main.o
 .text.MX_I2C2_Init
                0x0000000008008b84       0x80 ./Src/main.o
 .text.MX_OCTOSPI1_Init
                0x0000000008008c04       0x70 ./Src/main.o
 .text.MX_TIM2_Init
                0x0000000008008c74       0x9c ./Src/main.o
 .text.MX_USART1_UART_Init
                0x0000000008008d10       0x98 ./Src/main.o
 .text.MX_GPIO_Init
                0x0000000008008da8       0x9c ./Src/main.o
 .text.HAL_GPIO_EXTI_Callback
                0x0000000008008e44       0x7c ./Src/main.o
                0x0000000008008e44                HAL_GPIO_EXTI_Callback
 .text.StartDefaultTask
                0x0000000008008ec0       0x38 ./Src/main.o
                0x0000000008008ec0                StartDefaultTask
 .text.StartTask02
                0x0000000008008ef8      0x234 ./Src/main.o
                0x0000000008008ef8                StartTask02
 *fill*         0x000000000800912c        0x4 
 .text.HAL_TIM_PeriodElapsedCallback
                0x0000000008009130      0x108 ./Src/main.o
                0x0000000008009130                HAL_TIM_PeriodElapsedCallback
 .text.Error_Handler
                0x0000000008009238        0xa ./Src/main.o
                0x0000000008009238                Error_Handler
 *fill*         0x0000000008009242        0x2 
 .text.I2Cx_MspInit
                0x0000000008009244       0xb0 ./Src/stm32l4s5i_iot01.o
 .text.I2Cx_Init
                0x00000000080092f4       0x5c ./Src/stm32l4s5i_iot01.o
 .text.I2Cx_ReadMultiple
                0x0000000008009350       0x5a ./Src/stm32l4s5i_iot01.o
 .text.I2Cx_WriteMultiple
                0x00000000080093aa       0x5a ./Src/stm32l4s5i_iot01.o
 .text.I2Cx_Error
                0x0000000008009404       0x20 ./Src/stm32l4s5i_iot01.o
 .text.SENSOR_IO_Init
                0x0000000008009424       0x14 ./Src/stm32l4s5i_iot01.o
                0x0000000008009424                SENSOR_IO_Init
 .text.SENSOR_IO_Write
                0x0000000008009438       0x34 ./Src/stm32l4s5i_iot01.o
                0x0000000008009438                SENSOR_IO_Write
 .text.SENSOR_IO_Read
                0x000000000800946c       0x3c ./Src/stm32l4s5i_iot01.o
                0x000000000800946c                SENSOR_IO_Read
 .text.SENSOR_IO_ReadMultiple
                0x00000000080094a8       0x3c ./Src/stm32l4s5i_iot01.o
                0x00000000080094a8                SENSOR_IO_ReadMultiple
 .text.BSP_ACCELERO_Init
                0x00000000080094e4       0x7c ./Src/stm32l4s5i_iot01_accelero.o
                0x00000000080094e4                BSP_ACCELERO_Init
 .text.BSP_ACCELERO_AccGetXYZ
                0x0000000008009560       0x30 ./Src/stm32l4s5i_iot01_accelero.o
                0x0000000008009560                BSP_ACCELERO_AccGetXYZ
 .text.BSP_QSPI_Init
                0x0000000008009590       0xfc ./Src/stm32l4s5i_iot01_qspi.o
                0x0000000008009590                BSP_QSPI_Init
 .text.BSP_QSPI_Read
                0x000000000800968c       0xa4 ./Src/stm32l4s5i_iot01_qspi.o
                0x000000000800968c                BSP_QSPI_Read
 .text.BSP_QSPI_Write
                0x0000000008009730      0x10c ./Src/stm32l4s5i_iot01_qspi.o
                0x0000000008009730                BSP_QSPI_Write
 .text.BSP_QSPI_MspInit
                0x000000000800983c       0x80 ./Src/stm32l4s5i_iot01_qspi.o
                0x000000000800983c                BSP_QSPI_MspInit
 .text.QSPI_ResetMemory
                0x00000000080098bc       0x8e ./Src/stm32l4s5i_iot01_qspi.o
 .text.QSPI_WriteEnable
                0x000000000800994a       0xb8 ./Src/stm32l4s5i_iot01_qspi.o
 .text.QSPI_AutoPollingMemReady
                0x0000000008009a02       0x96 ./Src/stm32l4s5i_iot01_qspi.o
 .text.QSPI_QuadMode
                0x0000000008009a98      0x158 ./Src/stm32l4s5i_iot01_qspi.o
 .text.QSPI_HighPerfMode
                0x0000000008009bf0      0x19e ./Src/stm32l4s5i_iot01_qspi.o
 *fill*         0x0000000008009d8e        0x2 
 .text.HAL_MspInit
                0x0000000008009d90       0x50 ./Src/stm32l4xx_hal_msp.o
                0x0000000008009d90                HAL_MspInit
 .text.HAL_DAC_MspInit
                0x0000000008009de0       0x8c ./Src/stm32l4xx_hal_msp.o
                0x0000000008009de0                HAL_DAC_MspInit
 .text.HAL_I2C_MspInit
                0x0000000008009e6c       0xbc ./Src/stm32l4xx_hal_msp.o
                0x0000000008009e6c                HAL_I2C_MspInit
 .text.HAL_I2C_MspDeInit
                0x0000000008009f28       0x48 ./Src/stm32l4xx_hal_msp.o
                0x0000000008009f28                HAL_I2C_MspDeInit
 .text.HAL_OSPI_MspInit
                0x0000000008009f70       0x80 ./Src/stm32l4xx_hal_msp.o
                0x0000000008009f70                HAL_OSPI_MspInit
 .text.HAL_OSPI_MspDeInit
                0x0000000008009ff0       0x40 ./Src/stm32l4xx_hal_msp.o
                0x0000000008009ff0                HAL_OSPI_MspDeInit
 .text.HAL_TIM_Base_MspInit
                0x000000000800a030       0x48 ./Src/stm32l4xx_hal_msp.o
                0x000000000800a030                HAL_TIM_Base_MspInit
 .text.HAL_UART_MspInit
                0x000000000800a078       0xbc ./Src/stm32l4xx_hal_msp.o
                0x000000000800a078                HAL_UART_MspInit
 .text.HAL_InitTick
                0x000000000800a134       0xf4 ./Src/stm32l4xx_hal_timebase_tim.o
                0x000000000800a134                HAL_InitTick
 .text.NMI_Handler
                0x000000000800a228        0x6 ./Src/stm32l4xx_it.o
                0x000000000800a228                NMI_Handler
 .text.HardFault_Handler
                0x000000000800a22e        0x6 ./Src/stm32l4xx_it.o
                0x000000000800a22e                HardFault_Handler
 .text.MemManage_Handler
                0x000000000800a234        0x6 ./Src/stm32l4xx_it.o
                0x000000000800a234                MemManage_Handler
 .text.BusFault_Handler
                0x000000000800a23a        0x6 ./Src/stm32l4xx_it.o
                0x000000000800a23a                BusFault_Handler
 .text.UsageFault_Handler
                0x000000000800a240        0x6 ./Src/stm32l4xx_it.o
                0x000000000800a240                UsageFault_Handler
 .text.DebugMon_Handler
                0x000000000800a246        0xe ./Src/stm32l4xx_it.o
                0x000000000800a246                DebugMon_Handler
 .text.TIM2_IRQHandler
                0x000000000800a254       0x14 ./Src/stm32l4xx_it.o
                0x000000000800a254                TIM2_IRQHandler
 .text.EXTI15_10_IRQHandler
                0x000000000800a268       0x10 ./Src/stm32l4xx_it.o
                0x000000000800a268                EXTI15_10_IRQHandler
 .text.TIM6_DAC_IRQHandler
                0x000000000800a278       0x1c ./Src/stm32l4xx_it.o
                0x000000000800a278                TIM6_DAC_IRQHandler
 .text._sbrk    0x000000000800a294       0x6c ./Src/sysmem.o
                0x000000000800a294                _sbrk
 .text.SystemInit
                0x000000000800a300       0x24 ./Src/system_stm32l4xx.o
                0x000000000800a300                SystemInit
 .text.Reset_Handler
                0x000000000800a324       0x50 ./Startup/startup_stm32l4s5vitx.o
                0x000000000800a324                Reset_Handler
 .text.Default_Handler
                0x000000000800a374        0x2 ./Startup/startup_stm32l4s5vitx.o
                0x000000000800a374                TIM1_BRK_TIM15_IRQHandler
                0x000000000800a374                EXTI2_IRQHandler
                0x000000000800a374                TIM8_TRG_COM_IRQHandler
                0x000000000800a374                TIM8_CC_IRQHandler
                0x000000000800a374                TIM1_CC_IRQHandler
                0x000000000800a374                TSC_IRQHandler
                0x000000000800a374                TAMP_STAMP_IRQHandler
                0x000000000800a374                EXTI3_IRQHandler
                0x000000000800a374                LPTIM2_IRQHandler
                0x000000000800a374                DFSDM1_FLT1_IRQHandler
                0x000000000800a374                GFXMMU_IRQHandler
                0x000000000800a374                I2C3_ER_IRQHandler
                0x000000000800a374                DFSDM1_FLT2_IRQHandler
                0x000000000800a374                EXTI0_IRQHandler
                0x000000000800a374                I2C2_EV_IRQHandler
                0x000000000800a374                CAN1_RX0_IRQHandler
                0x000000000800a374                FPU_IRQHandler
                0x000000000800a374                TIM1_UP_TIM16_IRQHandler
                0x000000000800a374                LTDC_ER_IRQHandler
                0x000000000800a374                SPI1_IRQHandler
                0x000000000800a374                OCTOSPI1_IRQHandler
                0x000000000800a374                DCMI_IRQHandler
                0x000000000800a374                TIM8_UP_IRQHandler
                0x000000000800a374                OCTOSPI2_IRQHandler
                0x000000000800a374                DMA2_Channel2_IRQHandler
                0x000000000800a374                DMA1_Channel4_IRQHandler
                0x000000000800a374                SAI2_IRQHandler
                0x000000000800a374                ADC1_IRQHandler
                0x000000000800a374                DFSDM1_FLT3_IRQHandler
                0x000000000800a374                USART3_IRQHandler
                0x000000000800a374                DMA1_Channel7_IRQHandler
                0x000000000800a374                CAN1_RX1_IRQHandler
                0x000000000800a374                UART5_IRQHandler
                0x000000000800a374                TIM4_IRQHandler
                0x000000000800a374                DMA2_Channel1_IRQHandler
                0x000000000800a374                I2C1_EV_IRQHandler
                0x000000000800a374                DMAMUX1_OVR_IRQHandler
                0x000000000800a374                DMA1_Channel6_IRQHandler
                0x000000000800a374                UART4_IRQHandler
                0x000000000800a374                DMA2_Channel4_IRQHandler
                0x000000000800a374                TIM3_IRQHandler
                0x000000000800a374                RCC_IRQHandler
                0x000000000800a374                DMA1_Channel1_IRQHandler
                0x000000000800a374                Default_Handler
                0x000000000800a374                DMA2_Channel7_IRQHandler
                0x000000000800a374                TIM7_IRQHandler
                0x000000000800a374                SDMMC1_IRQHandler
                0x000000000800a374                TIM5_IRQHandler
                0x000000000800a374                I2C3_EV_IRQHandler
                0x000000000800a374                EXTI9_5_IRQHandler
                0x000000000800a374                RTC_WKUP_IRQHandler
                0x000000000800a374                LTDC_IRQHandler
                0x000000000800a374                PVD_PVM_IRQHandler
                0x000000000800a374                SPI2_IRQHandler
                0x000000000800a374                CAN1_TX_IRQHandler
                0x000000000800a374                DMA2_Channel5_IRQHandler
                0x000000000800a374                DMA1_Channel5_IRQHandler
                0x000000000800a374                EXTI4_IRQHandler
                0x000000000800a374                RNG_IRQHandler
                0x000000000800a374                TIM1_TRG_COM_TIM17_IRQHandler
                0x000000000800a374                DMA1_Channel3_IRQHandler
                0x000000000800a374                COMP_IRQHandler
                0x000000000800a374                HASH_CRS_IRQHandler
                0x000000000800a374                WWDG_IRQHandler
                0x000000000800a374                I2C4_EV_IRQHandler
                0x000000000800a374                LPUART1_IRQHandler
                0x000000000800a374                DMA2_Channel6_IRQHandler
                0x000000000800a374                DMA2D_IRQHandler
                0x000000000800a374                EXTI1_IRQHandler
                0x000000000800a374                AES_IRQHandler
                0x000000000800a374                USART2_IRQHandler
                0x000000000800a374                DFSDM1_FLT0_IRQHandler
                0x000000000800a374                I2C2_ER_IRQHandler
                0x000000000800a374                DMA1_Channel2_IRQHandler
                0x000000000800a374                TIM8_BRK_IRQHandler
                0x000000000800a374                CAN1_SCE_IRQHandler
                0x000000000800a374                FLASH_IRQHandler
                0x000000000800a374                USART1_IRQHandler
                0x000000000800a374                OTG_FS_IRQHandler
                0x000000000800a374                SPI3_IRQHandler
                0x000000000800a374                I2C1_ER_IRQHandler
                0x000000000800a374                FMC_IRQHandler
                0x000000000800a374                LPTIM1_IRQHandler
                0x000000000800a374                I2C4_ER_IRQHandler
                0x000000000800a374                SAI1_IRQHandler
                0x000000000800a374                DMA2_Channel3_IRQHandler
                0x000000000800a374                RTC_Alarm_IRQHandler
 *fill*         0x000000000800a376        0x2 
 .text.arm_sin_f32
                0x000000000800a378       0x8c /Users/kianmamicheafara/proj-main/lib/libarm_cortexM4lf_math.a(arm_sin_f32.o)
                0x000000000800a378                arm_sin_f32
 .text.__errno  0x000000000800a404        0xc /Applications/STM32CubeIDE.app/Contents/Eclipse/plugins/com.st.stm32cube.ide.mcu.externaltools.gnu-tools-for-stm32.10.3-2021.10.macos64_1.0.100.202210260954/tools/bin/../lib/gcc/arm-none-eabi/10.3.1/../../../../arm-none-eabi/lib/thumb/v7e-m+fp/hard/libc_nano.a(lib_a-errno.o)
                0x000000000800a404                __errno
 .text.__libc_init_array
                0x000000000800a410       0x48 /Applications/STM32CubeIDE.app/Contents/Eclipse/plugins/com.st.stm32cube.ide.mcu.externaltools.gnu-tools-for-stm32.10.3-2021.10.macos64_1.0.100.202210260954/tools/bin/../lib/gcc/arm-none-eabi/10.3.1/../../../../arm-none-eabi/lib/thumb/v7e-m+fp/hard/libc_nano.a(lib_a-init.o)
                0x000000000800a410                __libc_init_array
 .text.memcpy   0x000000000800a458       0x1c /Applications/STM32CubeIDE.app/Contents/Eclipse/plugins/com.st.stm32cube.ide.mcu.externaltools.gnu-tools-for-stm32.10.3-2021.10.macos64_1.0.100.202210260954/tools/bin/../lib/gcc/arm-none-eabi/10.3.1/../../../../arm-none-eabi/lib/thumb/v7e-m+fp/hard/libc_nano.a(lib_a-memcpy-stub.o)
                0x000000000800a458                memcpy
 .text.memset   0x000000000800a474       0x10 /Applications/STM32CubeIDE.app/Contents/Eclipse/plugins/com.st.stm32cube.ide.mcu.externaltools.gnu-tools-for-stm32.10.3-2021.10.macos64_1.0.100.202210260954/tools/bin/../lib/gcc/arm-none-eabi/10.3.1/../../../../arm-none-eabi/lib/thumb/v7e-m+fp/hard/libc_nano.a(lib_a-memset.o)
                0x000000000800a474                memset
 .text.sprintf  0x000000000800a484       0x40 /Applications/STM32CubeIDE.app/Contents/Eclipse/plugins/com.st.stm32cube.ide.mcu.externaltools.gnu-tools-for-stm32.10.3-2021.10.macos64_1.0.100.202210260954/tools/bin/../lib/gcc/arm-none-eabi/10.3.1/../../../../arm-none-eabi/lib/thumb/v7e-m+fp/hard/libc_nano.a(lib_a-sprintf.o)
                0x000000000800a484                sprintf
                0x000000000800a484                siprintf
 .text.__ssputs_r
                0x000000000800a4c4       0xb6 /Applications/STM32CubeIDE.app/Contents/Eclipse/plugins/com.st.stm32cube.ide.mcu.externaltools.gnu-tools-for-stm32.10.3-2021.10.macos64_1.0.100.202210260954/tools/bin/../lib/gcc/arm-none-eabi/10.3.1/../../../../arm-none-eabi/lib/thumb/v7e-m+fp/hard/libc_nano.a(lib_a-nano-svfprintf.o)
                0x000000000800a4c4                __ssputs_r
 *fill*         0x000000000800a57a        0x2 
 .text._svfprintf_r
                0x000000000800a57c      0x200 /Applications/STM32CubeIDE.app/Contents/Eclipse/plugins/com.st.stm32cube.ide.mcu.externaltools.gnu-tools-for-stm32.10.3-2021.10.macos64_1.0.100.202210260954/tools/bin/../lib/gcc/arm-none-eabi/10.3.1/../../../../arm-none-eabi/lib/thumb/v7e-m+fp/hard/libc_nano.a(lib_a-nano-svfprintf.o)
                0x000000000800a57c                _svfprintf_r
                0x000000000800a57c                _svfiprintf_r
 .text._printf_common
                0x000000000800a77c       0xda /Applications/STM32CubeIDE.app/Contents/Eclipse/plugins/com.st.stm32cube.ide.mcu.externaltools.gnu-tools-for-stm32.10.3-2021.10.macos64_1.0.100.202210260954/tools/bin/../lib/gcc/arm-none-eabi/10.3.1/../../../../arm-none-eabi/lib/thumb/v7e-m+fp/hard/libc_nano.a(lib_a-nano-vfprintf_i.o)
                0x000000000800a77c                _printf_common
 *fill*         0x000000000800a856        0x2 
 .text._printf_i
                0x000000000800a858      0x24c /Applications/STM32CubeIDE.app/Contents/Eclipse/plugins/com.st.stm32cube.ide.mcu.externaltools.gnu-tools-for-stm32.10.3-2021.10.macos64_1.0.100.202210260954/tools/bin/../lib/gcc/arm-none-eabi/10.3.1/../../../../arm-none-eabi/lib/thumb/v7e-m+fp/hard/libc_nano.a(lib_a-nano-vfprintf_i.o)
                0x000000000800a858                _printf_i
 .text.memmove  0x000000000800aaa4       0x34 /Applications/STM32CubeIDE.app/Contents/Eclipse/plugins/com.st.stm32cube.ide.mcu.externaltools.gnu-tools-for-stm32.10.3-2021.10.macos64_1.0.100.202210260954/tools/bin/../lib/gcc/arm-none-eabi/10.3.1/../../../../arm-none-eabi/lib/thumb/v7e-m+fp/hard/libc_nano.a(lib_a-memmove.o)
                0x000000000800aaa4                memmove
 .text._free_r  0x000000000800aad8       0x98 /Applications/STM32CubeIDE.app/Contents/Eclipse/plugins/com.st.stm32cube.ide.mcu.externaltools.gnu-tools-for-stm32.10.3-2021.10.macos64_1.0.100.202210260954/tools/bin/../lib/gcc/arm-none-eabi/10.3.1/../../../../arm-none-eabi/lib/thumb/v7e-m+fp/hard/libc_nano.a(lib_a-nano-freer.o)
                0x000000000800aad8                _free_r
 .text.sbrk_aligned
                0x000000000800ab70       0x40 /Applications/STM32CubeIDE.app/Contents/Eclipse/plugins/com.st.stm32cube.ide.mcu.externaltools.gnu-tools-for-stm32.10.3-2021.10.macos64_1.0.100.202210260954/tools/bin/../lib/gcc/arm-none-eabi/10.3.1/../../../../arm-none-eabi/lib/thumb/v7e-m+fp/hard/libc_nano.a(lib_a-nano-mallocr.o)
 .text._malloc_r
                0x000000000800abb0       0xe8 /Applications/STM32CubeIDE.app/Contents/Eclipse/plugins/com.st.stm32cube.ide.mcu.externaltools.gnu-tools-for-stm32.10.3-2021.10.macos64_1.0.100.202210260954/tools/bin/../lib/gcc/arm-none-eabi/10.3.1/../../../../arm-none-eabi/lib/thumb/v7e-m+fp/hard/libc_nano.a(lib_a-nano-mallocr.o)
                0x000000000800abb0                _malloc_r
 .text._realloc_r
                0x000000000800ac98       0x5e /Applications/STM32CubeIDE.app/Contents/Eclipse/plugins/com.st.stm32cube.ide.mcu.externaltools.gnu-tools-for-stm32.10.3-2021.10.macos64_1.0.100.202210260954/tools/bin/../lib/gcc/arm-none-eabi/10.3.1/../../../../arm-none-eabi/lib/thumb/v7e-m+fp/hard/libc_nano.a(lib_a-nano-reallocr.o)
                0x000000000800ac98                _realloc_r
 *fill*         0x000000000800acf6        0x2 
 .text._sbrk_r  0x000000000800acf8       0x20 /Applications/STM32CubeIDE.app/Contents/Eclipse/plugins/com.st.stm32cube.ide.mcu.externaltools.gnu-tools-for-stm32.10.3-2021.10.macos64_1.0.100.202210260954/tools/bin/../lib/gcc/arm-none-eabi/10.3.1/../../../../arm-none-eabi/lib/thumb/v7e-m+fp/hard/libc_nano.a(lib_a-sbrkr.o)
                0x000000000800acf8                _sbrk_r
 .text.__malloc_lock
                0x000000000800ad18        0xc /Applications/STM32CubeIDE.app/Contents/Eclipse/plugins/com.st.stm32cube.ide.mcu.externaltools.gnu-tools-for-stm32.10.3-2021.10.macos64_1.0.100.202210260954/tools/bin/../lib/gcc/arm-none-eabi/10.3.1/../../../../arm-none-eabi/lib/thumb/v7e-m+fp/hard/libc_nano.a(lib_a-mlock.o)
                0x000000000800ad18                __malloc_lock
 .text.__malloc_unlock
                0x000000000800ad24        0xc /Applications/STM32CubeIDE.app/Contents/Eclipse/plugins/com.st.stm32cube.ide.mcu.externaltools.gnu-tools-for-stm32.10.3-2021.10.macos64_1.0.100.202210260954/tools/bin/../lib/gcc/arm-none-eabi/10.3.1/../../../../arm-none-eabi/lib/thumb/v7e-m+fp/hard/libc_nano.a(lib_a-mlock.o)
                0x000000000800ad24                __malloc_unlock
 .text._malloc_usable_size_r
                0x000000000800ad30       0x10 /Applications/STM32CubeIDE.app/Contents/Eclipse/plugins/com.st.stm32cube.ide.mcu.externaltools.gnu-tools-for-stm32.10.3-2021.10.macos64_1.0.100.202210260954/tools/bin/../lib/gcc/arm-none-eabi/10.3.1/../../../../arm-none-eabi/lib/thumb/v7e-m+fp/hard/libc_nano.a(lib_a-nano-msizer.o)
                0x000000000800ad30                _malloc_usable_size_r
 .text.__retarget_lock_acquire_recursive
                0x000000000800ad40        0x2 /Applications/STM32CubeIDE.app/Contents/Eclipse/plugins/com.st.stm32cube.ide.mcu.externaltools.gnu-tools-for-stm32.10.3-2021.10.macos64_1.0.100.202210260954/tools/bin/../lib/gcc/arm-none-eabi/10.3.1/../../../../arm-none-eabi/lib/thumb/v7e-m+fp/hard/libc_nano.a(lib_a-lock.o)
                0x000000000800ad40                __retarget_lock_acquire_recursive
 .text.__retarget_lock_release_recursive
                0x000000000800ad42        0x2 /Applications/STM32CubeIDE.app/Contents/Eclipse/plugins/com.st.stm32cube.ide.mcu.externaltools.gnu-tools-for-stm32.10.3-2021.10.macos64_1.0.100.202210260954/tools/bin/../lib/gcc/arm-none-eabi/10.3.1/../../../../arm-none-eabi/lib/thumb/v7e-m+fp/hard/libc_nano.a(lib_a-lock.o)
                0x000000000800ad42                __retarget_lock_release_recursive
 *(.glue_7)
 .glue_7        0x000000000800ad44        0x0 linker stubs
 *(.glue_7t)
 .glue_7t       0x000000000800ad44        0x0 linker stubs
 *(.eh_frame)
 .eh_frame      0x000000000800ad44        0x0 /Applications/STM32CubeIDE.app/Contents/Eclipse/plugins/com.st.stm32cube.ide.mcu.externaltools.gnu-tools-for-stm32.10.3-2021.10.macos64_1.0.100.202210260954/tools/bin/../lib/gcc/arm-none-eabi/10.3.1/thumb/v7e-m+fp/hard/crtbegin.o
 *(.init)
 .init          0x000000000800ad44        0x4 /Applications/STM32CubeIDE.app/Contents/Eclipse/plugins/com.st.stm32cube.ide.mcu.externaltools.gnu-tools-for-stm32.10.3-2021.10.macos64_1.0.100.202210260954/tools/bin/../lib/gcc/arm-none-eabi/10.3.1/thumb/v7e-m+fp/hard/crti.o
                0x000000000800ad44                _init
 .init          0x000000000800ad48        0x8 /Applications/STM32CubeIDE.app/Contents/Eclipse/plugins/com.st.stm32cube.ide.mcu.externaltools.gnu-tools-for-stm32.10.3-2021.10.macos64_1.0.100.202210260954/tools/bin/../lib/gcc/arm-none-eabi/10.3.1/thumb/v7e-m+fp/hard/crtn.o
 *(.fini)
 .fini          0x000000000800ad50        0x4 /Applications/STM32CubeIDE.app/Contents/Eclipse/plugins/com.st.stm32cube.ide.mcu.externaltools.gnu-tools-for-stm32.10.3-2021.10.macos64_1.0.100.202210260954/tools/bin/../lib/gcc/arm-none-eabi/10.3.1/thumb/v7e-m+fp/hard/crti.o
                0x000000000800ad50                _fini
 .fini          0x000000000800ad54        0x8 /Applications/STM32CubeIDE.app/Contents/Eclipse/plugins/com.st.stm32cube.ide.mcu.externaltools.gnu-tools-for-stm32.10.3-2021.10.macos64_1.0.100.202210260954/tools/bin/../lib/gcc/arm-none-eabi/10.3.1/thumb/v7e-m+fp/hard/crtn.o
                0x000000000800ad5c                . = ALIGN (0x4)
                0x000000000800ad5c                _etext = .

.vfp11_veneer   0x000000000800ad5c        0x0
 .vfp11_veneer  0x000000000800ad5c        0x0 linker stubs

.v4_bx          0x000000000800ad5c        0x0
 .v4_bx         0x000000000800ad5c        0x0 linker stubs

.iplt           0x000000000800ad5c        0x0
 .iplt          0x000000000800ad5c        0x0 /Applications/STM32CubeIDE.app/Contents/Eclipse/plugins/com.st.stm32cube.ide.mcu.externaltools.gnu-tools-for-stm32.10.3-2021.10.macos64_1.0.100.202210260954/tools/bin/../lib/gcc/arm-none-eabi/10.3.1/thumb/v7e-m+fp/hard/crtbegin.o

.rodata         0x000000000800ad5c      0x980
                0x000000000800ad5c                . = ALIGN (0x4)
 *(.rodata)
 .rodata        0x000000000800ad5c        0x5 ./Middlewares/Third_Party/FreeRTOS/Source/tasks.o
 *fill*         0x000000000800ad61        0x3 
 .rodata        0x000000000800ad64       0xce ./Src/main.o
 *(.rodata*)
 *fill*         0x000000000800ae32        0x2 
 .rodata.UARTPrescTable
                0x000000000800ae34       0x18 ./Drivers/STM32L4xx_HAL_Driver/Src/stm32l4xx_hal_uart.o
                0x000000000800ae34                UARTPrescTable
 .rodata.numerator.1
                0x000000000800ae4c        0x8 ./Drivers/STM32L4xx_HAL_Driver/Src/stm32l4xx_hal_uart_ex.o
 .rodata.denominator.0
                0x000000000800ae54        0x8 ./Drivers/STM32L4xx_HAL_Driver/Src/stm32l4xx_hal_uart_ex.o
 .rodata.AHBPrescTable
                0x000000000800ae5c       0x10 ./Src/system_stm32l4xx.o
                0x000000000800ae5c                AHBPrescTable
 .rodata.APBPrescTable
                0x000000000800ae6c        0x8 ./Src/system_stm32l4xx.o
                0x000000000800ae6c                APBPrescTable
 .rodata.MSIRangeTable
                0x000000000800ae74       0x30 ./Src/system_stm32l4xx.o
                0x000000000800ae74                MSIRangeTable
 .rodata.sinTable_f32
                0x000000000800aea4      0x804 /Users/kianmamicheafara/proj-main/lib/libarm_cortexM4lf_math.a(arm_common_tables.o)
                0x000000000800aea4                sinTable_f32
 .rodata._svfprintf_r.str1.1
                0x000000000800b6a8       0x11 /Applications/STM32CubeIDE.app/Contents/Eclipse/plugins/com.st.stm32cube.ide.mcu.externaltools.gnu-tools-for-stm32.10.3-2021.10.macos64_1.0.100.202210260954/tools/bin/../lib/gcc/arm-none-eabi/10.3.1/../../../../arm-none-eabi/lib/thumb/v7e-m+fp/hard/libc_nano.a(lib_a-nano-svfprintf.o)
 .rodata._printf_i.str1.1
                0x000000000800b6b9       0x22 /Applications/STM32CubeIDE.app/Contents/Eclipse/plugins/com.st.stm32cube.ide.mcu.externaltools.gnu-tools-for-stm32.10.3-2021.10.macos64_1.0.100.202210260954/tools/bin/../lib/gcc/arm-none-eabi/10.3.1/../../../../arm-none-eabi/lib/thumb/v7e-m+fp/hard/libc_nano.a(lib_a-nano-vfprintf_i.o)
                0x000000000800b6dc                . = ALIGN (0x4)
 *fill*         0x000000000800b6db        0x1 

.ARM.extab      0x000000000800b6dc        0x0
                0x000000000800b6dc                . = ALIGN (0x4)
 *(.ARM.extab* .gnu.linkonce.armextab.*)
                0x000000000800b6dc                . = ALIGN (0x4)

.ARM            0x000000000800b6dc        0x8
                0x000000000800b6dc                . = ALIGN (0x4)
                0x000000000800b6dc                __exidx_start = .
 *(.ARM.exidx*)
 .ARM.exidx     0x000000000800b6dc        0x8 /Applications/STM32CubeIDE.app/Contents/Eclipse/plugins/com.st.stm32cube.ide.mcu.externaltools.gnu-tools-for-stm32.10.3-2021.10.macos64_1.0.100.202210260954/tools/bin/../lib/gcc/arm-none-eabi/10.3.1/thumb/v7e-m+fp/hard/libgcc.a(_udivmoddi4.o)
                0x000000000800b6e4                __exidx_end = .
                0x000000000800b6e4                . = ALIGN (0x4)

.rel.dyn        0x000000000800b6e4        0x0
 .rel.iplt      0x000000000800b6e4        0x0 /Applications/STM32CubeIDE.app/Contents/Eclipse/plugins/com.st.stm32cube.ide.mcu.externaltools.gnu-tools-for-stm32.10.3-2021.10.macos64_1.0.100.202210260954/tools/bin/../lib/gcc/arm-none-eabi/10.3.1/thumb/v7e-m+fp/hard/crtbegin.o

.preinit_array  0x000000000800b6e4        0x0
                0x000000000800b6e4                . = ALIGN (0x4)
                0x000000000800b6e4                PROVIDE (__preinit_array_start = .)
 *(.preinit_array*)
                0x000000000800b6e4                PROVIDE (__preinit_array_end = .)
                0x000000000800b6e4                . = ALIGN (0x4)

.init_array     0x000000000800b6e4        0x4
                0x000000000800b6e4                . = ALIGN (0x4)
                0x000000000800b6e4                PROVIDE (__init_array_start = .)
 *(SORT_BY_NAME(.init_array.*))
 *(.init_array*)
 .init_array    0x000000000800b6e4        0x4 /Applications/STM32CubeIDE.app/Contents/Eclipse/plugins/com.st.stm32cube.ide.mcu.externaltools.gnu-tools-for-stm32.10.3-2021.10.macos64_1.0.100.202210260954/tools/bin/../lib/gcc/arm-none-eabi/10.3.1/thumb/v7e-m+fp/hard/crtbegin.o
                0x000000000800b6e8                PROVIDE (__init_array_end = .)
                0x000000000800b6e8                . = ALIGN (0x4)

.fini_array     0x000000000800b6e8        0x4
                0x000000000800b6e8                . = ALIGN (0x4)
                [!provide]                        PROVIDE (__fini_array_start = .)
 *(SORT_BY_NAME(.fini_array.*))
 *(.fini_array*)
 .fini_array    0x000000000800b6e8        0x4 /Applications/STM32CubeIDE.app/Contents/Eclipse/plugins/com.st.stm32cube.ide.mcu.externaltools.gnu-tools-for-stm32.10.3-2021.10.macos64_1.0.100.202210260954/tools/bin/../lib/gcc/arm-none-eabi/10.3.1/thumb/v7e-m+fp/hard/crtbegin.o
                [!provide]                        PROVIDE (__fini_array_end = .)
                0x000000000800b6ec                . = ALIGN (0x4)
                0x000000000800b6ec                _sidata = LOADADDR (.data)

.data           0x0000000020000000      0x138 load address 0x000000000800b6ec
                0x0000000020000000                . = ALIGN (0x4)
                0x0000000020000000                _sdata = .
 *(.data)
 *(.data*)
 .data.Lsm6dslAccDrv
                0x0000000020000000       0x34 ./Drivers/Components/lsm6dsl/lsm6dsl.o
                0x0000000020000000                Lsm6dslAccDrv
 .data.uwTickPrio
                0x0000000020000034        0x4 ./Drivers/STM32L4xx_HAL_Driver/Src/stm32l4xx_hal.o
                0x0000000020000034                uwTickPrio
 .data.uwTickFreq
                0x0000000020000038        0x1 ./Drivers/STM32L4xx_HAL_Driver/Src/stm32l4xx_hal.o
                0x0000000020000038                uwTickFreq
 *fill*         0x0000000020000039        0x3 
 .data.uxCriticalNesting
                0x000000002000003c        0x4 ./Middlewares/Third_Party/FreeRTOS/Source/portable/GCC/ARM_CM4F/port.o
 .data.thres    0x0000000020000040        0x4 ./Src/main.o
                0x0000000020000040                thres
 .data.delay    0x0000000020000044        0x4 ./Src/main.o
                0x0000000020000044                delay
 .data.note_selector
                0x0000000020000048        0x4 ./Src/main.o
                0x0000000020000048                note_selector
 .data.array    0x000000002000004c       0x70 ./Src/main.o
                0x000000002000004c                array
 .data.volume   0x00000000200000bc       0x10 ./Src/main.o
                0x00000000200000bc                volume
 .data.volume_selector
                0x00000000200000cc        0x4 ./Src/main.o
                0x00000000200000cc                volume_selector
 .data.SystemCoreClock
                0x00000000200000d0        0x4 ./Src/system_stm32l4xx.o
                0x00000000200000d0                SystemCoreClock
 .data._impure_ptr
                0x00000000200000d4        0x4 /Applications/STM32CubeIDE.app/Contents/Eclipse/plugins/com.st.stm32cube.ide.mcu.externaltools.gnu-tools-for-stm32.10.3-2021.10.macos64_1.0.100.202210260954/tools/bin/../lib/gcc/arm-none-eabi/10.3.1/../../../../arm-none-eabi/lib/thumb/v7e-m+fp/hard/libc_nano.a(lib_a-impure.o)
                0x00000000200000d4                _impure_ptr
 .data.impure_data
                0x00000000200000d8       0x60 /Applications/STM32CubeIDE.app/Contents/Eclipse/plugins/com.st.stm32cube.ide.mcu.externaltools.gnu-tools-for-stm32.10.3-2021.10.macos64_1.0.100.202210260954/tools/bin/../lib/gcc/arm-none-eabi/10.3.1/../../../../arm-none-eabi/lib/thumb/v7e-m+fp/hard/libc_nano.a(lib_a-impure.o)
 *(.RamFunc)
 *(.RamFunc*)
                0x0000000020000138                . = ALIGN (0x4)
                0x0000000020000138                _edata = .

.igot.plt       0x0000000020000138        0x0 load address 0x000000000800b824
 .igot.plt      0x0000000020000138        0x0 /Applications/STM32CubeIDE.app/Contents/Eclipse/plugins/com.st.stm32cube.ide.mcu.externaltools.gnu-tools-for-stm32.10.3-2021.10.macos64_1.0.100.202210260954/tools/bin/../lib/gcc/arm-none-eabi/10.3.1/thumb/v7e-m+fp/hard/crtbegin.o
                0x0000000020000138                . = ALIGN (0x4)

.bss            0x0000000020000138     0x1360 load address 0x000000000800b824
                0x0000000020000138                _sbss = .
                0x0000000020000138                __bss_start__ = _sbss
 *(.bss)
 .bss           0x0000000020000138       0x1c /Applications/STM32CubeIDE.app/Contents/Eclipse/plugins/com.st.stm32cube.ide.mcu.externaltools.gnu-tools-for-stm32.10.3-2021.10.macos64_1.0.100.202210260954/tools/bin/../lib/gcc/arm-none-eabi/10.3.1/thumb/v7e-m+fp/hard/crtbegin.o
 *(.bss*)
 .bss.uwTick    0x0000000020000154        0x4 ./Drivers/STM32L4xx_HAL_Driver/Src/stm32l4xx_hal.o
                0x0000000020000154                uwTick
 .bss.pxCurrentTCB
                0x0000000020000158        0x4 ./Middlewares/Third_Party/FreeRTOS/Source/tasks.o
                0x0000000020000158                pxCurrentTCB
 .bss.pxReadyTasksLists
                0x000000002000015c       0x8c ./Middlewares/Third_Party/FreeRTOS/Source/tasks.o
 .bss.xDelayedTaskList1
                0x00000000200001e8       0x14 ./Middlewares/Third_Party/FreeRTOS/Source/tasks.o
 .bss.xDelayedTaskList2
                0x00000000200001fc       0x14 ./Middlewares/Third_Party/FreeRTOS/Source/tasks.o
 .bss.pxDelayedTaskList
                0x0000000020000210        0x4 ./Middlewares/Third_Party/FreeRTOS/Source/tasks.o
 .bss.pxOverflowDelayedTaskList
                0x0000000020000214        0x4 ./Middlewares/Third_Party/FreeRTOS/Source/tasks.o
 .bss.xPendingReadyList
                0x0000000020000218       0x14 ./Middlewares/Third_Party/FreeRTOS/Source/tasks.o
 .bss.xTasksWaitingTermination
                0x000000002000022c       0x14 ./Middlewares/Third_Party/FreeRTOS/Source/tasks.o
 .bss.uxDeletedTasksWaitingCleanUp
                0x0000000020000240        0x4 ./Middlewares/Third_Party/FreeRTOS/Source/tasks.o
 .bss.xSuspendedTaskList
                0x0000000020000244       0x14 ./Middlewares/Third_Party/FreeRTOS/Source/tasks.o
 .bss.uxCurrentNumberOfTasks
                0x0000000020000258        0x4 ./Middlewares/Third_Party/FreeRTOS/Source/tasks.o
 .bss.xTickCount
                0x000000002000025c        0x4 ./Middlewares/Third_Party/FreeRTOS/Source/tasks.o
 .bss.uxTopReadyPriority
                0x0000000020000260        0x4 ./Middlewares/Third_Party/FreeRTOS/Source/tasks.o
 .bss.xSchedulerRunning
                0x0000000020000264        0x4 ./Middlewares/Third_Party/FreeRTOS/Source/tasks.o
 .bss.xPendedTicks
                0x0000000020000268        0x4 ./Middlewares/Third_Party/FreeRTOS/Source/tasks.o
 .bss.xYieldPending
                0x000000002000026c        0x4 ./Middlewares/Third_Party/FreeRTOS/Source/tasks.o
 .bss.xNumOfOverflows
                0x0000000020000270        0x4 ./Middlewares/Third_Party/FreeRTOS/Source/tasks.o
 .bss.uxTaskNumber
                0x0000000020000274        0x4 ./Middlewares/Third_Party/FreeRTOS/Source/tasks.o
 .bss.xNextTaskUnblockTime
                0x0000000020000278        0x4 ./Middlewares/Third_Party/FreeRTOS/Source/tasks.o
 .bss.xIdleTaskHandle
                0x000000002000027c        0x4 ./Middlewares/Third_Party/FreeRTOS/Source/tasks.o
 .bss.uxSchedulerSuspended
                0x0000000020000280        0x4 ./Middlewares/Third_Party/FreeRTOS/Source/tasks.o
 .bss.ucMaxSysCallPriority
                0x0000000020000284        0x1 ./Middlewares/Third_Party/FreeRTOS/Source/portable/GCC/ARM_CM4F/port.o
 *fill*         0x0000000020000285        0x3 
 .bss.ulMaxPRIGROUPValue
                0x0000000020000288        0x4 ./Middlewares/Third_Party/FreeRTOS/Source/portable/GCC/ARM_CM4F/port.o
 .bss.ucHeap    0x000000002000028c      0xbb8 ./Middlewares/Third_Party/FreeRTOS/Source/portable/MemMang/heap_4.o
 .bss.xStart    0x0000000020000e44        0x8 ./Middlewares/Third_Party/FreeRTOS/Source/portable/MemMang/heap_4.o
 .bss.pxEnd     0x0000000020000e4c        0x4 ./Middlewares/Third_Party/FreeRTOS/Source/portable/MemMang/heap_4.o
 .bss.xFreeBytesRemaining
                0x0000000020000e50        0x4 ./Middlewares/Third_Party/FreeRTOS/Source/portable/MemMang/heap_4.o
 .bss.xMinimumEverFreeBytesRemaining
                0x0000000020000e54        0x4 ./Middlewares/Third_Party/FreeRTOS/Source/portable/MemMang/heap_4.o
 .bss.xNumberOfSuccessfulAllocations
                0x0000000020000e58        0x4 ./Middlewares/Third_Party/FreeRTOS/Source/portable/MemMang/heap_4.o
 .bss.xNumberOfSuccessfulFrees
                0x0000000020000e5c        0x4 ./Middlewares/Third_Party/FreeRTOS/Source/portable/MemMang/heap_4.o
 .bss.xBlockAllocatedBit
                0x0000000020000e60        0x4 ./Middlewares/Third_Party/FreeRTOS/Source/portable/MemMang/heap_4.o
 .bss.xIdleTaskTCBBuffer
                0x0000000020000e64       0x54 ./Src/freertos.o
 .bss.xIdleStack
                0x0000000020000eb8      0x200 ./Src/freertos.o
 .bss.hdac1     0x00000000200010b8       0x14 ./Src/main.o
                0x00000000200010b8                hdac1
 .bss.hi2c2     0x00000000200010cc       0x54 ./Src/main.o
                0x00000000200010cc                hi2c2
 .bss.hospi1    0x0000000020001120       0x50 ./Src/main.o
                0x0000000020001120                hospi1
 .bss.htim2     0x0000000020001170       0x4c ./Src/main.o
                0x0000000020001170                htim2
 .bss.huart1    0x00000000200011bc       0x90 ./Src/main.o
                0x00000000200011bc                huart1
 .bss.defaultTaskHandle
                0x000000002000124c        0x4 ./Src/main.o
                0x000000002000124c                defaultTaskHandle
 .bss.myTask02Handle
                0x0000000020001250        0x4 ./Src/main.o
                0x0000000020001250                myTask02Handle
 .bss.BinSemHandle
                0x0000000020001254        0x4 ./Src/main.o
                0x0000000020001254                BinSemHandle
 .bss.str_tmp   0x0000000020001258      0x12c ./Src/main.o
                0x0000000020001258                str_tmp
 .bss.accel     0x0000000020001384        0x6 ./Src/main.o
                0x0000000020001384                accel
 *fill*         0x000000002000138a        0x2 
 .bss.sound_wave_input
                0x000000002000138c        0x4 ./Src/main.o
                0x000000002000138c                sound_wave_input
 .bss.hI2cHandler
                0x0000000020001390       0x54 ./Src/stm32l4s5i_iot01.o
                0x0000000020001390                hI2cHandler
 .bss.AccelerometerDrv
                0x00000000200013e4        0x4 ./Src/stm32l4s5i_iot01_accelero.o
 .bss.OSPIHandle
                0x00000000200013e8       0x50 ./Src/stm32l4s5i_iot01_qspi.o
                0x00000000200013e8                OSPIHandle
 .bss.htim6     0x0000000020001438       0x4c ./Src/stm32l4xx_hal_timebase_tim.o
                0x0000000020001438                htim6
 .bss.__sbrk_heap_end
                0x0000000020001484        0x4 ./Src/sysmem.o
 .bss.__malloc_free_list
                0x0000000020001488        0x4 /Applications/STM32CubeIDE.app/Contents/Eclipse/plugins/com.st.stm32cube.ide.mcu.externaltools.gnu-tools-for-stm32.10.3-2021.10.macos64_1.0.100.202210260954/tools/bin/../lib/gcc/arm-none-eabi/10.3.1/../../../../arm-none-eabi/lib/thumb/v7e-m+fp/hard/libc_nano.a(lib_a-nano-mallocr.o)
                0x0000000020001488                __malloc_free_list
 .bss.__malloc_sbrk_start
                0x000000002000148c        0x4 /Applications/STM32CubeIDE.app/Contents/Eclipse/plugins/com.st.stm32cube.ide.mcu.externaltools.gnu-tools-for-stm32.10.3-2021.10.macos64_1.0.100.202210260954/tools/bin/../lib/gcc/arm-none-eabi/10.3.1/../../../../arm-none-eabi/lib/thumb/v7e-m+fp/hard/libc_nano.a(lib_a-nano-mallocr.o)
                0x000000002000148c                __malloc_sbrk_start
 .bss.errno     0x0000000020001490        0x4 /Applications/STM32CubeIDE.app/Contents/Eclipse/plugins/com.st.stm32cube.ide.mcu.externaltools.gnu-tools-for-stm32.10.3-2021.10.macos64_1.0.100.202210260954/tools/bin/../lib/gcc/arm-none-eabi/10.3.1/../../../../arm-none-eabi/lib/thumb/v7e-m+fp/hard/libc_nano.a(lib_a-reent.o)
                0x0000000020001490                errno
 .bss.__lock___malloc_recursive_mutex
                0x0000000020001494        0x1 /Applications/STM32CubeIDE.app/Contents/Eclipse/plugins/com.st.stm32cube.ide.mcu.externaltools.gnu-tools-for-stm32.10.3-2021.10.macos64_1.0.100.202210260954/tools/bin/../lib/gcc/arm-none-eabi/10.3.1/../../../../arm-none-eabi/lib/thumb/v7e-m+fp/hard/libc_nano.a(lib_a-lock.o)
                0x0000000020001494                __lock___malloc_recursive_mutex
 *(COMMON)
                0x0000000020001498                . = ALIGN (0x4)
 *fill*         0x0000000020001495        0x3 
                0x0000000020001498                _ebss = .
                0x0000000020001498                __bss_end__ = _ebss

._user_heap_stack
                0x0000000020001498      0x600 load address 0x000000000800b824
                0x0000000020001498                . = ALIGN (0x8)
                [!provide]                        PROVIDE (end = .)
                0x0000000020001498                PROVIDE (_end = .)
                0x0000000020001698                . = (. + _Min_Heap_Size)
 *fill*         0x0000000020001498      0x200 
                0x0000000020001a98                . = (. + _Min_Stack_Size)
 *fill*         0x0000000020001698      0x400 
                0x0000000020001a98                . = ALIGN (0x8)

/DISCARD/
 libc.a(*)
 libm.a(*)
 libgcc.a(*)

.ARM.attributes
                0x0000000000000000       0x30
 *(.ARM.attributes)
 .ARM.attributes
                0x0000000000000000       0x1e /Applications/STM32CubeIDE.app/Contents/Eclipse/plugins/com.st.stm32cube.ide.mcu.externaltools.gnu-tools-for-stm32.10.3-2021.10.macos64_1.0.100.202210260954/tools/bin/../lib/gcc/arm-none-eabi/10.3.1/thumb/v7e-m+fp/hard/crti.o
 .ARM.attributes
                0x000000000000001e       0x34 /Applications/STM32CubeIDE.app/Contents/Eclipse/plugins/com.st.stm32cube.ide.mcu.externaltools.gnu-tools-for-stm32.10.3-2021.10.macos64_1.0.100.202210260954/tools/bin/../lib/gcc/arm-none-eabi/10.3.1/thumb/v7e-m+fp/hard/crtbegin.o
 .ARM.attributes
                0x0000000000000052       0x34 ./Drivers/Components/lsm6dsl/lsm6dsl.o
 .ARM.attributes
                0x0000000000000086       0x34 ./Drivers/STM32L4xx_HAL_Driver/Src/stm32l4xx_hal.o
 .ARM.attributes
                0x00000000000000ba       0x34 ./Drivers/STM32L4xx_HAL_Driver/Src/stm32l4xx_hal_cortex.o
 .ARM.attributes
                0x00000000000000ee       0x34 ./Drivers/STM32L4xx_HAL_Driver/Src/stm32l4xx_hal_dac.o
 .ARM.attributes
                0x0000000000000122       0x34 ./Drivers/STM32L4xx_HAL_Driver/Src/stm32l4xx_hal_dac_ex.o
 .ARM.attributes
                0x0000000000000156       0x34 ./Drivers/STM32L4xx_HAL_Driver/Src/stm32l4xx_hal_gpio.o
 .ARM.attributes
                0x000000000000018a       0x34 ./Drivers/STM32L4xx_HAL_Driver/Src/stm32l4xx_hal_i2c.o
 .ARM.attributes
                0x00000000000001be       0x34 ./Drivers/STM32L4xx_HAL_Driver/Src/stm32l4xx_hal_i2c_ex.o
 .ARM.attributes
                0x00000000000001f2       0x34 ./Drivers/STM32L4xx_HAL_Driver/Src/stm32l4xx_hal_ospi.o
 .ARM.attributes
                0x0000000000000226       0x34 ./Drivers/STM32L4xx_HAL_Driver/Src/stm32l4xx_hal_pwr_ex.o
 .ARM.attributes
                0x000000000000025a       0x34 ./Drivers/STM32L4xx_HAL_Driver/Src/stm32l4xx_hal_rcc.o
 .ARM.attributes
                0x000000000000028e       0x34 ./Drivers/STM32L4xx_HAL_Driver/Src/stm32l4xx_hal_rcc_ex.o
 .ARM.attributes
                0x00000000000002c2       0x34 ./Drivers/STM32L4xx_HAL_Driver/Src/stm32l4xx_hal_tim.o
 .ARM.attributes
                0x00000000000002f6       0x34 ./Drivers/STM32L4xx_HAL_Driver/Src/stm32l4xx_hal_tim_ex.o
 .ARM.attributes
                0x000000000000032a       0x34 ./Drivers/STM32L4xx_HAL_Driver/Src/stm32l4xx_hal_uart.o
 .ARM.attributes
                0x000000000000035e       0x34 ./Drivers/STM32L4xx_HAL_Driver/Src/stm32l4xx_hal_uart_ex.o
 .ARM.attributes
                0x0000000000000392       0x34 ./Middlewares/Third_Party/FreeRTOS/Source/CMSIS_RTOS/cmsis_os.o
 .ARM.attributes
                0x00000000000003c6       0x34 ./Middlewares/Third_Party/FreeRTOS/Source/list.o
 .ARM.attributes
                0x00000000000003fa       0x34 ./Middlewares/Third_Party/FreeRTOS/Source/queue.o
 .ARM.attributes
                0x000000000000042e       0x34 ./Middlewares/Third_Party/FreeRTOS/Source/tasks.o
 .ARM.attributes
                0x0000000000000462       0x34 ./Middlewares/Third_Party/FreeRTOS/Source/portable/GCC/ARM_CM4F/port.o
 .ARM.attributes
                0x0000000000000496       0x34 ./Middlewares/Third_Party/FreeRTOS/Source/portable/MemMang/heap_4.o
 .ARM.attributes
                0x00000000000004ca       0x34 ./Src/freertos.o
 .ARM.attributes
                0x00000000000004fe       0x34 ./Src/main.o
 .ARM.attributes
                0x0000000000000532       0x34 ./Src/stm32l4s5i_iot01.o
 .ARM.attributes
                0x0000000000000566       0x34 ./Src/stm32l4s5i_iot01_accelero.o
 .ARM.attributes
                0x000000000000059a       0x34 ./Src/stm32l4s5i_iot01_qspi.o
 .ARM.attributes
                0x00000000000005ce       0x34 ./Src/stm32l4xx_hal_msp.o
 .ARM.attributes
                0x0000000000000602       0x34 ./Src/stm32l4xx_hal_timebase_tim.o
 .ARM.attributes
                0x0000000000000636       0x34 ./Src/stm32l4xx_it.o
 .ARM.attributes
                0x000000000000066a       0x34 ./Src/sysmem.o
 .ARM.attributes
                0x000000000000069e       0x34 ./Src/system_stm32l4xx.o
 .ARM.attributes
                0x00000000000006d2       0x21 ./Startup/startup_stm32l4s5vitx.o
 .ARM.attributes
                0x00000000000006f3       0x34 /Users/kianmamicheafara/proj-main/lib/libarm_cortexM4lf_math.a(arm_sin_f32.o)
 .ARM.attributes
                0x0000000000000727       0x39 /Users/kianmamicheafara/proj-main/lib/libarm_cortexM4lf_math.a(arm_common_tables.o)
 .ARM.attributes
                0x0000000000000760       0x34 /Applications/STM32CubeIDE.app/Contents/Eclipse/plugins/com.st.stm32cube.ide.mcu.externaltools.gnu-tools-for-stm32.10.3-2021.10.macos64_1.0.100.202210260954/tools/bin/../lib/gcc/arm-none-eabi/10.3.1/../../../../arm-none-eabi/lib/thumb/v7e-m+fp/hard/libc_nano.a(lib_a-errno.o)
 .ARM.attributes
                0x0000000000000794       0x34 /Applications/STM32CubeIDE.app/Contents/Eclipse/plugins/com.st.stm32cube.ide.mcu.externaltools.gnu-tools-for-stm32.10.3-2021.10.macos64_1.0.100.202210260954/tools/bin/../lib/gcc/arm-none-eabi/10.3.1/../../../../arm-none-eabi/lib/thumb/v7e-m+fp/hard/libc_nano.a(lib_a-impure.o)
 .ARM.attributes
                0x00000000000007c8       0x34 /Applications/STM32CubeIDE.app/Contents/Eclipse/plugins/com.st.stm32cube.ide.mcu.externaltools.gnu-tools-for-stm32.10.3-2021.10.macos64_1.0.100.202210260954/tools/bin/../lib/gcc/arm-none-eabi/10.3.1/../../../../arm-none-eabi/lib/thumb/v7e-m+fp/hard/libc_nano.a(lib_a-init.o)
 .ARM.attributes
                0x00000000000007fc       0x34 /Applications/STM32CubeIDE.app/Contents/Eclipse/plugins/com.st.stm32cube.ide.mcu.externaltools.gnu-tools-for-stm32.10.3-2021.10.macos64_1.0.100.202210260954/tools/bin/../lib/gcc/arm-none-eabi/10.3.1/../../../../arm-none-eabi/lib/thumb/v7e-m+fp/hard/libc_nano.a(lib_a-memcpy-stub.o)
 .ARM.attributes
                0x0000000000000830       0x34 /Applications/STM32CubeIDE.app/Contents/Eclipse/plugins/com.st.stm32cube.ide.mcu.externaltools.gnu-tools-for-stm32.10.3-2021.10.macos64_1.0.100.202210260954/tools/bin/../lib/gcc/arm-none-eabi/10.3.1/../../../../arm-none-eabi/lib/thumb/v7e-m+fp/hard/libc_nano.a(lib_a-memset.o)
 .ARM.attributes
                0x0000000000000864       0x34 /Applications/STM32CubeIDE.app/Contents/Eclipse/plugins/com.st.stm32cube.ide.mcu.externaltools.gnu-tools-for-stm32.10.3-2021.10.macos64_1.0.100.202210260954/tools/bin/../lib/gcc/arm-none-eabi/10.3.1/../../../../arm-none-eabi/lib/thumb/v7e-m+fp/hard/libc_nano.a(lib_a-sprintf.o)
 .ARM.attributes
                0x0000000000000898       0x34 /Applications/STM32CubeIDE.app/Contents/Eclipse/plugins/com.st.stm32cube.ide.mcu.externaltools.gnu-tools-for-stm32.10.3-2021.10.macos64_1.0.100.202210260954/tools/bin/../lib/gcc/arm-none-eabi/10.3.1/../../../../arm-none-eabi/lib/thumb/v7e-m+fp/hard/libc_nano.a(lib_a-nano-svfprintf.o)
 .ARM.attributes
                0x00000000000008cc       0x34 /Applications/STM32CubeIDE.app/Contents/Eclipse/plugins/com.st.stm32cube.ide.mcu.externaltools.gnu-tools-for-stm32.10.3-2021.10.macos64_1.0.100.202210260954/tools/bin/../lib/gcc/arm-none-eabi/10.3.1/../../../../arm-none-eabi/lib/thumb/v7e-m+fp/hard/libc_nano.a(lib_a-nano-vfprintf_i.o)
 .ARM.attributes
                0x0000000000000900       0x1c /Applications/STM32CubeIDE.app/Contents/Eclipse/plugins/com.st.stm32cube.ide.mcu.externaltools.gnu-tools-for-stm32.10.3-2021.10.macos64_1.0.100.202210260954/tools/bin/../lib/gcc/arm-none-eabi/10.3.1/../../../../arm-none-eabi/lib/thumb/v7e-m+fp/hard/libc_nano.a(lib_a-memchr.o)
 .ARM.attributes
                0x000000000000091c       0x34 /Applications/STM32CubeIDE.app/Contents/Eclipse/plugins/com.st.stm32cube.ide.mcu.externaltools.gnu-tools-for-stm32.10.3-2021.10.macos64_1.0.100.202210260954/tools/bin/../lib/gcc/arm-none-eabi/10.3.1/../../../../arm-none-eabi/lib/thumb/v7e-m+fp/hard/libc_nano.a(lib_a-memmove.o)
 .ARM.attributes
                0x0000000000000950       0x34 /Applications/STM32CubeIDE.app/Contents/Eclipse/plugins/com.st.stm32cube.ide.mcu.externaltools.gnu-tools-for-stm32.10.3-2021.10.macos64_1.0.100.202210260954/tools/bin/../lib/gcc/arm-none-eabi/10.3.1/../../../../arm-none-eabi/lib/thumb/v7e-m+fp/hard/libc_nano.a(lib_a-nano-freer.o)
 .ARM.attributes
                0x0000000000000984       0x34 /Applications/STM32CubeIDE.app/Contents/Eclipse/plugins/com.st.stm32cube.ide.mcu.externaltools.gnu-tools-for-stm32.10.3-2021.10.macos64_1.0.100.202210260954/tools/bin/../lib/gcc/arm-none-eabi/10.3.1/../../../../arm-none-eabi/lib/thumb/v7e-m+fp/hard/libc_nano.a(lib_a-nano-mallocr.o)
 .ARM.attributes
                0x00000000000009b8       0x34 /Applications/STM32CubeIDE.app/Contents/Eclipse/plugins/com.st.stm32cube.ide.mcu.externaltools.gnu-tools-for-stm32.10.3-2021.10.macos64_1.0.100.202210260954/tools/bin/../lib/gcc/arm-none-eabi/10.3.1/../../../../arm-none-eabi/lib/thumb/v7e-m+fp/hard/libc_nano.a(lib_a-nano-reallocr.o)
 .ARM.attributes
                0x00000000000009ec       0x34 /Applications/STM32CubeIDE.app/Contents/Eclipse/plugins/com.st.stm32cube.ide.mcu.externaltools.gnu-tools-for-stm32.10.3-2021.10.macos64_1.0.100.202210260954/tools/bin/../lib/gcc/arm-none-eabi/10.3.1/../../../../arm-none-eabi/lib/thumb/v7e-m+fp/hard/libc_nano.a(lib_a-sbrkr.o)
 .ARM.attributes
                0x0000000000000a20       0x34 /Applications/STM32CubeIDE.app/Contents/Eclipse/plugins/com.st.stm32cube.ide.mcu.externaltools.gnu-tools-for-stm32.10.3-2021.10.macos64_1.0.100.202210260954/tools/bin/../lib/gcc/arm-none-eabi/10.3.1/../../../../arm-none-eabi/lib/thumb/v7e-m+fp/hard/libc_nano.a(lib_a-mlock.o)
 .ARM.attributes
                0x0000000000000a54       0x34 /Applications/STM32CubeIDE.app/Contents/Eclipse/plugins/com.st.stm32cube.ide.mcu.externaltools.gnu-tools-for-stm32.10.3-2021.10.macos64_1.0.100.202210260954/tools/bin/../lib/gcc/arm-none-eabi/10.3.1/../../../../arm-none-eabi/lib/thumb/v7e-m+fp/hard/libc_nano.a(lib_a-nano-msizer.o)
 .ARM.attributes
                0x0000000000000a88       0x34 /Applications/STM32CubeIDE.app/Contents/Eclipse/plugins/com.st.stm32cube.ide.mcu.externaltools.gnu-tools-for-stm32.10.3-2021.10.macos64_1.0.100.202210260954/tools/bin/../lib/gcc/arm-none-eabi/10.3.1/../../../../arm-none-eabi/lib/thumb/v7e-m+fp/hard/libc_nano.a(lib_a-reent.o)
 .ARM.attributes
                0x0000000000000abc       0x34 /Applications/STM32CubeIDE.app/Contents/Eclipse/plugins/com.st.stm32cube.ide.mcu.externaltools.gnu-tools-for-stm32.10.3-2021.10.macos64_1.0.100.202210260954/tools/bin/../lib/gcc/arm-none-eabi/10.3.1/../../../../arm-none-eabi/lib/thumb/v7e-m+fp/hard/libc_nano.a(lib_a-lock.o)
 .ARM.attributes
                0x0000000000000af0       0x1e /Applications/STM32CubeIDE.app/Contents/Eclipse/plugins/com.st.stm32cube.ide.mcu.externaltools.gnu-tools-for-stm32.10.3-2021.10.macos64_1.0.100.202210260954/tools/bin/../lib/gcc/arm-none-eabi/10.3.1/thumb/v7e-m+fp/hard/libgcc.a(_arm_addsubdf3.o)
 .ARM.attributes
                0x0000000000000b0e       0x1e /Applications/STM32CubeIDE.app/Contents/Eclipse/plugins/com.st.stm32cube.ide.mcu.externaltools.gnu-tools-for-stm32.10.3-2021.10.macos64_1.0.100.202210260954/tools/bin/../lib/gcc/arm-none-eabi/10.3.1/thumb/v7e-m+fp/hard/libgcc.a(_arm_muldivdf3.o)
 .ARM.attributes