../Src/main.c:133:5:main	80	static
../Src/main.c:293:6:SystemClock_Config	96	static
../Src/main.c:344:13:MX_DAC1_Init	48	static
../Src/main.c:388:13:MX_I2C2_Init	8	static
../Src/main.c:436:13:MX_OCTOSPI1_Init	8	static
../Src/main.c:475:13:MX_TIM2_Init	40	static
../Src/main.c:520:13:MX_USART1_UART_Init	8	static
../Src/main.c:568:13:MX_GPIO_Init	40	static
../Src/main.c:591:6:HAL_GPIO_EXTI_Callback	128	static
../Src/main.c:622:6:StartDefaultTask	16	static
../Src/main.c:643:6:StartTask02	16	static
../Src/main.c:720:6:HAL_TIM_PeriodElapsedCallback	32	static
../Src/main.c:746:6:Error_Handler	4	static,ignoring_inline_asm
